Archive member included to satisfy reference by file (symbol)

C:/ST/STM32CubeIDE_1.17.0/STM32CubeIDE/plugins/com.st.stm32cube.ide.mcu.externaltools.gnu-tools-for-stm32.12.3.rel1.win32_1.1.0.202410251130/tools/bin/../lib/gcc/arm-none-eabi/12.3.1/../../../../arm-none-eabi/lib/thumb/v7e-m+fp/hard\libc_nano.a(libc_a-exit.o)
                              C:/ST/STM32CubeIDE_1.17.0/STM32CubeIDE/plugins/com.st.stm32cube.ide.mcu.externaltools.gnu-tools-for-stm32.12.3.rel1.win32_1.1.0.202410251130/tools/bin/../lib/gcc/arm-none-eabi/12.3.1/../../../../arm-none-eabi/lib/thumb/v7e-m+fp/hard/crt0.o (exit)
C:/ST/STM32CubeIDE_1.17.0/STM32CubeIDE/plugins/com.st.stm32cube.ide.mcu.externaltools.gnu-tools-for-stm32.12.3.rel1.win32_1.1.0.202410251130/tools/bin/../lib/gcc/arm-none-eabi/12.3.1/../../../../arm-none-eabi/lib/thumb/v7e-m+fp/hard\libc_nano.a(libc_a-malloc.o)
                              ./Core/Src/ble.o (malloc)
C:/ST/STM32CubeIDE_1.17.0/STM32CubeIDE/plugins/com.st.stm32cube.ide.mcu.externaltools.gnu-tools-for-stm32.12.3.rel1.win32_1.1.0.202410251130/tools/bin/../lib/gcc/arm-none-eabi/12.3.1/../../../../arm-none-eabi/lib/thumb/v7e-m+fp/hard\libc_nano.a(libc_a-mallocr.o)
                              C:/ST/STM32CubeIDE_1.17.0/STM32CubeIDE/plugins/com.st.stm32cube.ide.mcu.externaltools.gnu-tools-for-stm32.12.3.rel1.win32_1.1.0.202410251130/tools/bin/../lib/gcc/arm-none-eabi/12.3.1/../../../../arm-none-eabi/lib/thumb/v7e-m+fp/hard\libc_nano.a(libc_a-malloc.o) (_malloc_r)
C:/ST/STM32CubeIDE_1.17.0/STM32CubeIDE/plugins/com.st.stm32cube.ide.mcu.externaltools.gnu-tools-for-stm32.12.3.rel1.win32_1.1.0.202410251130/tools/bin/../lib/gcc/arm-none-eabi/12.3.1/../../../../arm-none-eabi/lib/thumb/v7e-m+fp/hard\libc_nano.a(libc_a-mlock.o)
                              C:/ST/STM32CubeIDE_1.17.0/STM32CubeIDE/plugins/com.st.stm32cube.ide.mcu.externaltools.gnu-tools-for-stm32.12.3.rel1.win32_1.1.0.202410251130/tools/bin/../lib/gcc/arm-none-eabi/12.3.1/../../../../arm-none-eabi/lib/thumb/v7e-m+fp/hard\libc_nano.a(libc_a-mallocr.o) (__malloc_lock)
C:/ST/STM32CubeIDE_1.17.0/STM32CubeIDE/plugins/com.st.stm32cube.ide.mcu.externaltools.gnu-tools-for-stm32.12.3.rel1.win32_1.1.0.202410251130/tools/bin/../lib/gcc/arm-none-eabi/12.3.1/../../../../arm-none-eabi/lib/thumb/v7e-m+fp/hard\libc_nano.a(libc_a-findfp.o)
                              C:/ST/STM32CubeIDE_1.17.0/STM32CubeIDE/plugins/com.st.stm32cube.ide.mcu.externaltools.gnu-tools-for-stm32.12.3.rel1.win32_1.1.0.202410251130/tools/bin/../lib/gcc/arm-none-eabi/12.3.1/../../../../arm-none-eabi/lib/thumb/v7e-m+fp/hard\libc_nano.a(libc_a-exit.o) (__stdio_exit_handler)
C:/ST/STM32CubeIDE_1.17.0/STM32CubeIDE/plugins/com.st.stm32cube.ide.mcu.externaltools.gnu-tools-for-stm32.12.3.rel1.win32_1.1.0.202410251130/tools/bin/../lib/gcc/arm-none-eabi/12.3.1/../../../../arm-none-eabi/lib/thumb/v7e-m+fp/hard\libc_nano.a(libc_a-fwalk.o)
                              C:/ST/STM32CubeIDE_1.17.0/STM32CubeIDE/plugins/com.st.stm32cube.ide.mcu.externaltools.gnu-tools-for-stm32.12.3.rel1.win32_1.1.0.202410251130/tools/bin/../lib/gcc/arm-none-eabi/12.3.1/../../../../arm-none-eabi/lib/thumb/v7e-m+fp/hard\libc_nano.a(libc_a-findfp.o) (_fwalk_sglue)
C:/ST/STM32CubeIDE_1.17.0/STM32CubeIDE/plugins/com.st.stm32cube.ide.mcu.externaltools.gnu-tools-for-stm32.12.3.rel1.win32_1.1.0.202410251130/tools/bin/../lib/gcc/arm-none-eabi/12.3.1/../../../../arm-none-eabi/lib/thumb/v7e-m+fp/hard\libc_nano.a(libc_a-sprintf.o)
                              ./Core/Src/main.o (sprintf)
C:/ST/STM32CubeIDE_1.17.0/STM32CubeIDE/plugins/com.st.stm32cube.ide.mcu.externaltools.gnu-tools-for-stm32.12.3.rel1.win32_1.1.0.202410251130/tools/bin/../lib/gcc/arm-none-eabi/12.3.1/../../../../arm-none-eabi/lib/thumb/v7e-m+fp/hard\libc_nano.a(libc_a-stdio.o)
                              C:/ST/STM32CubeIDE_1.17.0/STM32CubeIDE/plugins/com.st.stm32cube.ide.mcu.externaltools.gnu-tools-for-stm32.12.3.rel1.win32_1.1.0.202410251130/tools/bin/../lib/gcc/arm-none-eabi/12.3.1/../../../../arm-none-eabi/lib/thumb/v7e-m+fp/hard\libc_nano.a(libc_a-findfp.o) (__sread)
C:/ST/STM32CubeIDE_1.17.0/STM32CubeIDE/plugins/com.st.stm32cube.ide.mcu.externaltools.gnu-tools-for-stm32.12.3.rel1.win32_1.1.0.202410251130/tools/bin/../lib/gcc/arm-none-eabi/12.3.1/../../../../arm-none-eabi/lib/thumb/v7e-m+fp/hard\libc_nano.a(libc_a-memset.o)
                              C:/ST/STM32CubeIDE_1.17.0/STM32CubeIDE/plugins/com.st.stm32cube.ide.mcu.externaltools.gnu-tools-for-stm32.12.3.rel1.win32_1.1.0.202410251130/tools/bin/../lib/gcc/arm-none-eabi/12.3.1/../../../../arm-none-eabi/lib/thumb/v7e-m+fp/hard/crt0.o (memset)
C:/ST/STM32CubeIDE_1.17.0/STM32CubeIDE/plugins/com.st.stm32cube.ide.mcu.externaltools.gnu-tools-for-stm32.12.3.rel1.win32_1.1.0.202410251130/tools/bin/../lib/gcc/arm-none-eabi/12.3.1/../../../../arm-none-eabi/lib/thumb/v7e-m+fp/hard\libc_nano.a(libc_a-strcat.o)
                              ./Core/Src/main.o (strcat)
[...]
Memory Configuration

Name             Origin             Length             Attributes
RAM              0x20000000         0x00018000         xrw
RAM2             0x10000000         0x00008000         xrw
FLASH            0x08000000         0x00100000         xr
*default*        0x00000000         0xffffffff

Linker script and memory map

LOAD C:/ST/STM32CubeIDE_1.17.0/STM32CubeIDE/plugins/com.st.stm32cube.ide.mcu.externaltools.gnu-tools-for-stm32.12.3.rel1.win32_1.1.0.202410251130/tools/bin/../lib/gcc/arm-none-eabi/12.3.1/thumb/v7e-m+fp/hard/crti.o
LOAD C:/ST/STM32CubeIDE_1.17.0/STM32CubeIDE/plugins/com.st.stm32cube.ide.mcu.externaltools.gnu-tools-for-stm32.12.3.rel1.win32_1.1.0.202410251130/tools/bin/../lib/gcc/arm-none-eabi/12.3.1/thumb/v7e-m+fp/hard/crtbegin.o
LOAD C:/ST/STM32CubeIDE_1.17.0/STM32CubeIDE/plugins/com.st.stm32cube.ide.mcu.externaltools.gnu-tools-for-stm32.12.3.rel1.win32_1.1.0.202410251130/tools/bin/../lib/gcc/arm-none-eabi/12.3.1/../../../../arm-none-eabi/lib/thumb/v7e-m+fp/hard/crt0.o
LOAD ./Core/Src/ble.o
LOAD ./Core/Src/i2c.o
LOAD ./Core/Src/leds.o
LOAD ./Core/Src/lsm6dsl.o
LOAD ./Core/Src/main.o
LOAD ./Core/Src/stm32l4xx_hal_msp.o
LOAD ./Core/Src/stm32l4xx_it.o
LOAD ./Core/Src/syscalls.o
LOAD ./Core/Src/system_stm32l4xx.o
LOAD ./Core/Src/timer.o
LOAD ./Core/Startup/startup_stm32l475vgtx.o
LOAD ./Drivers/STM32L4xx_HAL_Driver/Src/stm32l4xx_hal.o
LOAD ./Drivers/STM32L4xx_HAL_Driver/Src/stm32l4xx_hal_cortex.o
LOAD ./Drivers/STM32L4xx_HAL_Driver/Src/stm32l4xx_hal_dma.o
LOAD ./Drivers/STM32L4xx_HAL_Driver/Src/stm32l4xx_hal_dma_ex.o
LOAD ./Drivers/STM32L4xx_HAL_Driver/Src/stm32l4xx_hal_exti.o
LOAD ./Drivers/STM32L4xx_HAL_Driver/Src/stm32l4xx_hal_flash.o
LOAD ./Drivers/STM32L4xx_HAL_Driver/Src/stm32l4xx_hal_flash_ex.o
LOAD ./Drivers/STM32L4xx_HAL_Driver/Src/stm32l4xx_hal_flash_ramfunc.o
LOAD ./Drivers/STM32L4xx_HAL_Driver/Src/stm32l4xx_hal_gpio.o
LOAD ./Drivers/STM32L4xx_HAL_Driver/Src/stm32l4xx_hal_i2c.o
LOAD ./Drivers/STM32L4xx_HAL_Driver/Src/stm32l4xx_hal_i2c_ex.o
LOAD ./Drivers/STM32L4xx_HAL_Driver/Src/stm32l4xx_hal_pwr.o
LOAD ./Drivers/STM32L4xx_HAL_Driver/Src/stm32l4xx_hal_pwr_ex.o
LOAD ./Drivers/STM32L4xx_HAL_Driver/Src/stm32l4xx_hal_rcc.o
LOAD ./Drivers/STM32L4xx_HAL_Driver/Src/stm32l4xx_hal_rcc_ex.o
LOAD ./Drivers/STM32L4xx_HAL_Driver/Src/stm32l4xx_hal_spi.o
LOAD ./Drivers/STM32L4xx_HAL_Driver/Src/stm32l4xx_hal_spi_ex.o
LOAD ./Drivers/STM32L4xx_HAL_Driver/Src/stm32l4xx_hal_tim.o
LOAD ./Drivers/STM32L4xx_HAL_Driver/Src/stm32l4xx_hal_tim_ex.o
START GROUP
LOAD C:/ST/STM32CubeIDE_1.17.0/STM32CubeIDE/plugins/com.st.stm32cube.ide.mcu.externaltools.gnu-tools-for-stm32.12.3.rel1.win32_1.1.0.202410251130/tools/bin/../lib/gcc/arm-none-eabi/12.3.1/../../../../arm-none-eabi/lib/thumb/v7e-m+fp/hard\libc_nano.a
LOAD C:/ST/STM32CubeIDE_1.17.0/STM32CubeIDE/plugins/com.st.stm32cube.ide.mcu.externaltools.gnu-tools-for-stm32.12.3.rel1.win32_1.1.0.202410251130/tools/bin/../lib/gcc/arm-none-eabi/12.3.1/../../../../arm-none-eabi/lib/thumb/v7e-m+fp/hard\libm.a
END GROUP
START GROUP
LOAD C:/ST/STM32CubeIDE_1.17.0/STM32CubeIDE/plugins/com.st.stm32cube.ide.mcu.externaltools.gnu-tools-for-stm32.12.3.rel1.win32_1.1.0.202410251130/tools/bin/../lib/gcc/arm-none-eabi/12.3.1/thumb/v7e-m+fp/hard\libgcc.a
LOAD C:/ST/STM32CubeIDE_1.17.0/STM32CubeIDE/plugins/com.st.stm32cube.ide.mcu.externaltools.gnu-tools-for-stm32.12.3.rel1.win32_1.1.0.202410251130/tools/bin/../lib/gcc/arm-none-eabi/12.3.1/../../../../arm-none-eabi/lib/thumb/v7e-m+fp/hard\libc_nano.a
END GROUP
START GROUP
LOAD C:/ST/STM32CubeIDE_1.17.0/STM32CubeIDE/plugins/com.st.stm32cube.ide.mcu.externaltools.gnu-tools-for-stm32.12.3.rel1.win32_1.1.0.202410251130/tools/bin/../lib/gcc/arm-none-eabi/12.3.1/thumb/v7e-m+fp/hard\libgcc.a
LOAD C:/ST/STM32CubeIDE_1.17.0/STM32CubeIDE/plugins/com.st.stm32cube.ide.mcu.externaltools.gnu-tools-for-stm32.12.3.rel1.win32_1.1.0.202410251130/tools/bin/../lib/gcc/arm-none-eabi/12.3.1/../../../../arm-none-eabi/lib/thumb/v7e-m+fp/hard\libc_nano.a
LOAD C:/ST/STM32CubeIDE_1.17.0/STM32CubeIDE/plugins/com.st.stm32cube.ide.mcu.externaltools.gnu-tools-for-stm32.12.3.rel1.win32_1.1.0.202410251130/tools/bin/../lib/gcc/arm-none-eabi/12.3.1/../../../../arm-none-eabi/lib/thumb/v7e-m+fp/hard\libnosys.a
END GROUP
START GROUP
LOAD C:/ST/STM32CubeIDE_1.17.0/STM32CubeIDE/plugins/com.st.stm32cube.ide.mcu.externaltools.gnu-tools-for-stm32.12.3.rel1.win32_1.1.0.202410251130/tools/bin/../lib/gcc/arm-none-eabi/12.3.1/thumb/v7e-m+fp/hard\libgcc.a
LOAD C:/ST/STM32CubeIDE_1.17.0/STM32CubeIDE/plugins/com.st.stm32cube.ide.mcu.externaltools.gnu-tools-for-stm32.12.3.rel1.win32_1.1.0.202410251130/tools/bin/../lib/gcc/arm-none-eabi/12.3.1/../../../../arm-none-eabi/lib/thumb/v7e-m+fp/hard\libc_nano.a
LOAD C:/ST/STM32CubeIDE_1.17.0/STM32CubeIDE/plugins/com.st.stm32cube.ide.mcu.externaltools.gnu-tools-for-stm32.12.3.rel1.win32_1.1.0.202410251130/tools/bin/../lib/gcc/arm-none-eabi/12.3.1/../../../../arm-none-eabi/lib/thumb/v7e-m+fp/hard\libnosys.a
END GROUP
LOAD C:/ST/STM32CubeIDE_1.17.0/STM32CubeIDE/plugins/com.st.stm32cube.ide.mcu.externaltools.gnu-tools-for-stm32.12.3.rel1.win32_1.1.0.202410251130/tools/bin/../lib/gcc/arm-none-eabi/12.3.1/thumb/v7e-m+fp/hard/crtend.o
LOAD C:/ST/STM32CubeIDE_1.17.0/STM32CubeIDE/plugins/com.st.stm32cube.ide.mcu.externaltools.gnu-tools-for-stm32.12.3.rel1.win32_1.1.0.202410251130/tools/bin/../lib/gcc/arm-none-eabi/12.3.1/thumb/v7e-m+fp/hard/crtn.o
                0x20018000                        _estack = (ORIGIN (RAM) + LENGTH (RAM))
                0x00000200                        _Min_Heap_Size = 0x200
                0x00000400                        _Min_Stack_Size = 0x400

.isr_vector     0x08000000      0x188
                0x08000000                        . = ALIGN (0x4)
 *(.isr_vector)
 .isr_vector    0x08000000      0x188 ./Core/Startup/startup_stm32l475vgtx.o
                0x08000000                g_pfnVectors
                0x08000188                        . = ALIGN (0x4)

.text           0x08000190     0x3f9c
                0x08000190                        . = ALIGN (0x4)
 *(.text)
 .text          0x08000190       0x40 C:/ST/STM32CubeIDE_1.17.0/STM32CubeIDE/plugins/com.st.stm32cube.ide.mcu.externaltools.gnu-tools-for-stm32.12.3.rel1.win32_1.1.0.202410251130/tools/bin/../lib/gcc/arm-none-eabi/12.3.1/thumb/v7e-m+fp/hard/crtbegin.o
 .text          0x080001d0       0x10 C:/ST/STM32CubeIDE_1.17.0/STM32CubeIDE/plugins/com.st.stm32cube.ide.mcu.externaltools.gnu-tools-for-stm32.12.3.rel1.win32_1.1.0.202410251130/tools/bin/../lib/gcc/arm-none-eabi/12.3.1/../../../../arm-none-eabi/lib/thumb/v7e-m+fp/hard\libc_nano.a(libc_a-strlen.o)
                0x080001d0                strlen
 .text          0x080001e0       0xa0 C:/ST/STM32CubeIDE_1.17.0/STM32CubeIDE/plugins/com.st.stm32cube.ide.mcu.externaltools.gnu-tools-for-stm32.12.3.rel1.win32_1.1.0.202410251130/tools/bin/../lib/gcc/arm-none-eabi/12.3.1/../../../../arm-none-eabi/lib/thumb/v7e-m+fp/hard\libc_nano.a(libc_a-memchr.o)
                0x080001e0                memchr
 *(.text*)
 .text.ble_init
                0x08000280      0x234 ./Core/Src/ble.o
                0x08000280                ble_init
 .text.fetchBleEvent
                0x080004b4      0x114 ./Core/Src/ble.o
                0x080004b4                fetchBleEvent
 .text.checkEventResp
                0x080005c8       0x4c ./Core/Src/ble.o
                0x080005c8                checkEventResp
 .text.sendCommand
                0x08000614       0x98 ./Core/Src/ble.o
                0x08000614                sendCommand
 .text.catchBLE
                0x080006ac       0x88 ./Core/Src/ble.o
                0x080006ac                catchBLE
 .text.setConnectable
                0x08000734       0xfc ./Core/Src/ble.o
                0x08000734                setConnectable
 .text.BLE_command
                0x08000830       0x98 ./Core/Src/ble.o
                0x08000830                BLE_command
 .text.addService
                0x080008c8       0x70 ./Core/Src/ble.o
                0x080008c8                addService
 .text.addCharacteristic
                0x08000938       0x84 ./Core/Src/ble.o
                0x08000938                addCharacteristic
 .text.updateCharValue
                0x080009bc       0xa8 ./Core/Src/ble.o
                0x080009bc                updateCharValue
 .text.disconnectBLE
                0x08000a64       0xb0 ./Core/Src/ble.o
                0x08000a64                disconnectBLE
 .text.setDiscoverability
                0x08000b14       0x4c ./Core/Src/ble.o
                0x08000b14                setDiscoverability
 .text.i2c_init
                0x08000b60       0xe8 ./Core/Src/i2c.o
                0x08000b60                i2c_init
 .text.i2c_transaction
                0x08000c48      0x114 ./Core/Src/i2c.o
                0x08000c48                i2c_transaction
 .text.leds_init
                0x08000d5c       0xdc ./Core/Src/leds.o
                0x08000d5c                leds_init
 .text.leds_set
                0x08000e38       0x6c ./Core/Src/leds.o
                0x08000e38                leds_set
 .text.lsm6dsl_init
                0x08000ea4       0x32 ./Core/Src/lsm6dsl.o
                0x08000ea4                lsm6dsl_init
 *fill*         0x08000ed6        0x2 
 .text.lsm6dsl_read_xyz
                0x08000ed8      0x118 ./Core/Src/lsm6dsl.o
                0x08000ed8                lsm6dsl_read_xyz
 .text.main     0x08000ff0      0x1a4 ./Core/Src/main.o
                0x08000ff0                main
 .text.SystemClock_Config
                0x08001194       0x8c ./Core/Src/main.o
                0x08001194                SystemClock_Config
 .text.MX_SPI3_Init
                0x08001220       0x7c ./Core/Src/main.o
 .text.MX_GPIO_Init
                0x0800129c      0x130 ./Core/Src/main.o
 .text.Error_Handler
                0x080013cc        0xc ./Core/Src/main.o
                0x080013cc                Error_Handler
 .text.check_movement
                0x080013d8       0xd0 ./Core/Src/main.o
                0x080013d8                check_movement
 .text.TIM2_IRQHandler
                0x080014a8       0x44 ./Core/Src/main.o
                0x080014a8                TIM2_IRQHandler
 .text.HAL_MspInit
                0x080014ec       0x48 ./Core/Src/stm32l4xx_hal_msp.o
                0x080014ec                HAL_MspInit
 .text.HAL_SPI_MspInit
                0x08001534       0x88 ./Core/Src/stm32l4xx_hal_msp.o
                0x08001534                HAL_SPI_MspInit
 .text.NMI_Handler
                0x080015bc        0x8 ./Core/Src/stm32l4xx_it.o
                0x080015bc                NMI_Handler
 .text.HardFault_Handler
                0x080015c4        0x8 ./Core/Src/stm32l4xx_it.o
                0x080015c4                HardFault_Handler
 .text.MemManage_Handler
                0x080015cc        0x8 ./Core/Src/stm32l4xx_it.o
                0x080015cc                MemManage_Handler
 .text.BusFault_Handler
                0x080015d4        0x8 ./Core/Src/stm32l4xx_it.o
                0x080015d4                BusFault_Handler
 .text.UsageFault_Handler
                0x080015dc        0x8 ./Core/Src/stm32l4xx_it.o
                0x080015dc                UsageFault_Handler
 .text.SVC_Handler
                0x080015e4        0xe ./Core/Src/stm32l4xx_it.o
                0x080015e4                SVC_Handler
 .text.DebugMon_Handler
                0x080015f2        0xe ./Core/Src/stm32l4xx_it.o
                0x080015f2                DebugMon_Handler
 .text.PendSV_Handler
                0x08001600        0xe ./Core/Src/stm32l4xx_it.o
                0x08001600                PendSV_Handler
 .text.SysTick_Handler
                0x0800160e        0xc ./Core/Src/stm32l4xx_it.o
                0x0800160e                SysTick_Handler
 *fill*         0x0800161a        0x2 
 .text.EXTI9_5_IRQHandler
                0x0800161c       0x18 ./Core/Src/stm32l4xx_it.o
                0x0800161c                EXTI9_5_IRQHandler
 .text._sbrk    0x08001634       0x58 ./Core/Src/syscalls.o
                0x08001634                _sbrk
 .text.SystemInit
                0x0800168c       0x6c ./Core/Src/system_stm32l4xx.o
                0x0800168c                SystemInit
 .text.__NVIC_EnableIRQ
                0x080016f8       0x3c ./Core/Src/timer.o
 .text.__NVIC_SetPriority
                0x08001734       0x54 ./Core/Src/timer.o
 .text.timer_init
                0x08001788       0x98 ./Core/Src/timer.o
                0x08001788                timer_init
 .text.timer_set_ms
                0x08001820       0x3a ./Core/Src/timer.o
                0x08001820                timer_set_ms
 *fill*         0x0800185a        0x2 
 .text.Reset_Handler
                0x0800185c       0x50 ./Core/Startup/startup_stm32l475vgtx.o
                0x0800185c                Reset_Handler
 .text.Default_Handler
                0x080018ac        0x2 ./Core/Startup/startup_stm32l475vgtx.o
                0x080018ac                RTC_Alarm_IRQHandler
                0x080018ac                EXTI2_IRQHandler
                0x080018ac                TIM8_TRG_COM_IRQHandler
                0x080018ac                TIM8_CC_IRQHandler
                0x080018ac                TIM1_CC_IRQHandler
                0x080018ac                TSC_IRQHandler
                0x080018ac                TAMP_STAMP_IRQHandler
                0x080018ac                EXTI3_IRQHandler
                0x080018ac                LPTIM2_IRQHandler
                0x080018ac                DFSDM1_FLT1_IRQHandler
                0x080018ac                I2C3_ER_IRQHandler
                0x080018ac                DFSDM1_FLT2_IRQHandler
                0x080018ac                EXTI0_IRQHandler
                0x080018ac                I2C2_EV_IRQHandler
                0x080018ac                CAN1_RX0_IRQHandler
                0x080018ac                FPU_IRQHandler
                0x080018ac                TIM1_UP_TIM16_IRQHandler
                0x080018ac                ADC1_2_IRQHandler
                0x080018ac                SPI1_IRQHandler
                0x080018ac                TIM6_DAC_IRQHandler
                0x080018ac                TIM8_UP_IRQHandler
                0x080018ac                DMA2_Channel2_IRQHandler
                0x080018ac                DMA1_Channel4_IRQHandler
                0x080018ac                SAI2_IRQHandler
                0x080018ac                DFSDM1_FLT3_IRQHandler
                0x080018ac                USART3_IRQHandler
                0x080018ac                DMA1_Channel7_IRQHandler
                0x080018ac                CAN1_RX1_IRQHandler
                0x080018ac                UART5_IRQHandler
                0x080018ac                ADC3_IRQHandler
                0x080018ac                TIM4_IRQHandler
                0x080018ac                DMA2_Channel1_IRQHandler
                0x080018ac                QUADSPI_IRQHandler
                0x080018ac                I2C1_EV_IRQHandler
                0x080018ac                DMA1_Channel6_IRQHandler
                0x080018ac                UART4_IRQHandler
                0x080018ac                DMA2_Channel4_IRQHandler
                0x080018ac                TIM3_IRQHandler
                0x080018ac                RCC_IRQHandler
                0x080018ac                DMA1_Channel1_IRQHandler
                0x080018ac                Default_Handler
                0x080018ac                DMA2_Channel7_IRQHandler
                0x080018ac                EXTI15_10_IRQHandler
                0x080018ac                TIM7_IRQHandler
                0x080018ac                SDMMC1_IRQHandler
                0x080018ac                TIM5_IRQHandler
                0x080018ac                I2C3_EV_IRQHandler
                0x080018ac                RTC_WKUP_IRQHandler
                0x080018ac                PVD_PVM_IRQHandler
                0x080018ac                SPI2_IRQHandler
                0x080018ac                CAN1_TX_IRQHandler
                0x080018ac                DMA2_Channel5_IRQHandler
                0x080018ac                DMA1_Channel5_IRQHandler
                0x080018ac                EXTI4_IRQHandler
                0x080018ac                RNG_IRQHandler
                0x080018ac                TIM1_TRG_COM_TIM17_IRQHandler
                0x080018ac                DMA1_Channel3_IRQHandler
                0x080018ac                COMP_IRQHandler
                0x080018ac                WWDG_IRQHandler
                0x080018ac                LPUART1_IRQHandler
                0x080018ac                DMA2_Channel6_IRQHandler
                0x080018ac                EXTI1_IRQHandler
                0x080018ac                USART2_IRQHandler
                0x080018ac                DFSDM1_FLT0_IRQHandler
                0x080018ac                I2C2_ER_IRQHandler
                0x080018ac                DMA1_Channel2_IRQHandler
                0x080018ac                TIM8_BRK_IRQHandler
                0x080018ac                CAN1_SCE_IRQHandler
                0x080018ac                FLASH_IRQHandler
                0x080018ac                USART1_IRQHandler
                0x080018ac                OTG_FS_IRQHandler
                0x080018ac                SPI3_IRQHandler
                0x080018ac                I2C1_ER_IRQHandler
                0x080018ac                FMC_IRQHandler
                0x080018ac                SWPMI1_IRQHandler
                0x080018ac                LPTIM1_IRQHandler
                0x080018ac                SAI1_IRQHandler
                0x080018ac                DMA2_Channel3_IRQHandler
                0x080018ac                TIM1_BRK_TIM15_IRQHandler
 .text.HAL_Init
                0x080018ae       0x30 ./Drivers/STM32L4xx_HAL_Driver/Src/stm32l4xx_hal.o
                0x080018ae                HAL_Init
 *fill*         0x080018de        0x2 
 .text.HAL_InitTick
                0x080018e0       0x78 ./Drivers/STM32L4xx_HAL_Driver/Src/stm32l4xx_hal.o
                0x080018e0                HAL_InitTick
 .text.HAL_IncTick
                0x08001958       0x28 ./Drivers/STM32L4xx_HAL_Driver/Src/stm32l4xx_hal.o
                0x08001958                HAL_IncTick
 .text.HAL_GetTick
                0x08001980       0x18 ./Drivers/STM32L4xx_HAL_Driver/Src/stm32l4xx_hal.o
                0x08001980                HAL_GetTick
 .text.HAL_Delay
                0x08001998       0x48 ./Drivers/STM32L4xx_HAL_Driver/Src/stm32l4xx_hal.o
                0x08001998                HAL_Delay
 .text.__NVIC_SetPriorityGrouping
                0x080019e0       0x48 ./Drivers/STM32L4xx_HAL_Driver/Src/stm32l4xx_hal_cortex.o
 .text.__NVIC_GetPriorityGrouping
                0x08001a28       0x1c ./Drivers/STM32L4xx_HAL_Driver/Src/stm32l4xx_hal_cortex.o
 .text.__NVIC_EnableIRQ
                0x08001a44       0x3c ./Drivers/STM32L4xx_HAL_Driver/Src/stm32l4xx_hal_cortex.o
 .text.__NVIC_SetPriority
                0x08001a80       0x54 ./Drivers/STM32L4xx_HAL_Driver/Src/stm32l4xx_hal_cortex.o
 .text.NVIC_EncodePriority
                0x08001ad4       0x66 ./Drivers/STM32L4xx_HAL_Driver/Src/stm32l4xx_hal_cortex.o
 *fill*         0x08001b3a        0x2 
 .text.SysTick_Config
                0x08001b3c       0x44 ./Drivers/STM32L4xx_HAL_Driver/Src/stm32l4xx_hal_cortex.o
 .text.HAL_NVIC_SetPriorityGrouping
                0x08001b80       0x16 ./Drivers/STM32L4xx_HAL_Driver/Src/stm32l4xx_hal_cortex.o
                0x08001b80                HAL_NVIC_SetPriorityGrouping
 .text.HAL_NVIC_SetPriority
                0x08001b96       0x38 ./Drivers/STM32L4xx_HAL_Driver/Src/stm32l4xx_hal_cortex.o
                0x08001b96                HAL_NVIC_SetPriority
 .text.HAL_NVIC_EnableIRQ
                0x08001bce       0x1c ./Drivers/STM32L4xx_HAL_Driver/Src/stm32l4xx_hal_cortex.o
                0x08001bce                HAL_NVIC_EnableIRQ
 .text.HAL_SYSTICK_Config
                0x08001bea       0x18 ./Drivers/STM32L4xx_HAL_Driver/Src/stm32l4xx_hal_cortex.o
                0x08001bea                HAL_SYSTICK_Config
 *fill*         0x08001c02        0x2 
 .text.HAL_GPIO_Init
                0x08001c04      0x354 ./Drivers/STM32L4xx_HAL_Driver/Src/stm32l4xx_hal_gpio.o
                0x08001c04                HAL_GPIO_Init
 .text.HAL_GPIO_ReadPin
                0x08001f58       0x30 ./Drivers/STM32L4xx_HAL_Driver/Src/stm32l4xx_hal_gpio.o
                0x08001f58                HAL_GPIO_ReadPin
 .text.HAL_GPIO_WritePin
                0x08001f88       0x30 ./Drivers/STM32L4xx_HAL_Driver/Src/stm32l4xx_hal_gpio.o
                0x08001f88                HAL_GPIO_WritePin
 .text.HAL_GPIO_EXTI_IRQHandler
                0x08001fb8       0x30 ./Drivers/STM32L4xx_HAL_Driver/Src/stm32l4xx_hal_gpio.o
                0x08001fb8                HAL_GPIO_EXTI_IRQHandler
 .text.HAL_GPIO_EXTI_Callback
                0x08001fe8       0x16 ./Drivers/STM32L4xx_HAL_Driver/Src/stm32l4xx_hal_gpio.o
                0x08001fe8                HAL_GPIO_EXTI_Callback
 *fill*         0x08001ffe        0x2 
 .text.HAL_PWREx_GetVoltageRange
                0x08002000       0x1c ./Drivers/STM32L4xx_HAL_Driver/Src/stm32l4xx_hal_pwr_ex.o
                0x08002000                HAL_PWREx_GetVoltageRange
 .text.HAL_PWREx_ControlVoltageScaling
                0x0800201c       0xac ./Drivers/STM32L4xx_HAL_Driver/Src/stm32l4xx_hal_pwr_ex.o
                0x0800201c                HAL_PWREx_ControlVoltageScaling
 .text.HAL_RCC_OscConfig
                0x080020c8      0x7b8 ./Drivers/STM32L4xx_HAL_Driver/Src/stm32l4xx_hal_rcc.o
                0x080020c8                HAL_RCC_OscConfig
 .text.HAL_RCC_ClockConfig
                0x08002880      0x200 ./Drivers/STM32L4xx_HAL_Driver/Src/stm32l4xx_hal_rcc.o
                0x08002880                HAL_RCC_ClockConfig
 .text.HAL_RCC_GetSysClockFreq
                0x08002a80      0x118 ./Drivers/STM32L4xx_HAL_Driver/Src/stm32l4xx_hal_rcc.o
                0x08002a80                HAL_RCC_GetSysClockFreq
 .text.RCC_SetFlashLatencyFromMSIRange
                0x08002b98       0xc0 ./Drivers/STM32L4xx_HAL_Driver/Src/stm32l4xx_hal_rcc.o
 .text.HAL_SPI_Init
                0x08002c58      0x146 ./Drivers/STM32L4xx_HAL_Driver/Src/stm32l4xx_hal_spi.o
                0x08002c58                HAL_SPI_Init
 .text.HAL_SPI_Transmit
                0x08002d9e      0x2ea ./Drivers/STM32L4xx_HAL_Driver/Src/stm32l4xx_hal_spi.o
                0x08002d9e                HAL_SPI_Transmit
 .text.HAL_SPI_TransmitReceive
                0x08003088      0x444 ./Drivers/STM32L4xx_HAL_Driver/Src/stm32l4xx_hal_spi.o
                0x08003088                HAL_SPI_TransmitReceive
 .text.SPI_WaitFlagStateUntilTimeout
                0x080034cc      0x110 ./Drivers/STM32L4xx_HAL_Driver/Src/stm32l4xx_hal_spi.o
 .text.SPI_WaitFifoStateUntilTimeout
                0x080035dc      0x12c ./Drivers/STM32L4xx_HAL_Driver/Src/stm32l4xx_hal_spi.o
 .text.SPI_EndRxTxTransaction
                0x08003708       0x8c ./Drivers/STM32L4xx_HAL_Driver/Src/stm32l4xx_hal_spi.o
 .text.malloc   0x08003794       0x10 C:/ST/STM32CubeIDE_1.17.0/STM32CubeIDE/plugins/com.st.stm32cube.ide.mcu.externaltools.gnu-tools-for-stm32.12.3.rel1.win32_1.1.0.202410251130/tools/bin/../lib/gcc/arm-none-eabi/12.3.1/../../../../arm-none-eabi/lib/thumb/v7e-m+fp/hard\libc_nano.a(libc_a-malloc.o)
                0x08003794                malloc
 .text.free     0x080037a4       0x10 C:/ST/STM32CubeIDE_1.17.0/STM32CubeIDE/plugins/com.st.stm32cube.ide.mcu.externaltools.gnu-tools-for-stm32.12.3.rel1.win32_1.1.0.202410251130/tools/bin/../lib/gcc/arm-none-eabi/12.3.1/../../../../arm-none-eabi/lib/thumb/v7e-m+fp/hard\libc_nano.a(libc_a-malloc.o)
                0x080037a4                free
 .text.sbrk_aligned
                0x080037b4       0x44 C:/ST/STM32CubeIDE_1.17.0/STM32CubeIDE/plugins/com.st.stm32cube.ide.mcu.externaltools.gnu-tools-for-stm32.12.3.rel1.win32_1.1.0.202410251130/tools/bin/../lib/gcc/arm-none-eabi/12.3.1/../../../../arm-none-eabi/lib/thumb/v7e-m+fp/hard\libc_nano.a(libc_a-mallocr.o)
 .text._malloc_r
                0x080037f8      0x100 C:/ST/STM32CubeIDE_1.17.0/STM32CubeIDE/plugins/com.st.stm32cube.ide.mcu.externaltools.gnu-tools-for-stm32.12.3.rel1.win32_1.1.0.202410251130/tools/bin/../lib/gcc/arm-none-eabi/12.3.1/../../../../arm-none-eabi/lib/thumb/v7e-m+fp/hard\libc_nano.a(libc_a-mallocr.o)
                0x080037f8                _malloc_r
 .text.__malloc_lock
                0x080038f8        0xc C:/ST/STM32CubeIDE_1.17.0/STM32CubeIDE/plugins/com.st.stm32cube.ide.mcu.externaltools.gnu-tools-for-stm32.12.3.rel1.win32_1.1.0.202410251130/tools/bin/../lib/gcc/arm-none-eabi/12.3.1/../../../../arm-none-eabi/lib/thumb/v7e-m+fp/hard\libc_nano.a(libc_a-mlock.o)
                0x080038f8                __malloc_lock
 .text.__malloc_unlock
                0x08003904        0xc C:/ST/STM32CubeIDE_1.17.0/STM32CubeIDE/plugins/com.st.stm32cube.ide.mcu.externaltools.gnu-tools-for-stm32.12.3.rel1.win32_1.1.0.202410251130/tools/bin/../lib/gcc/arm-none-eabi/12.3.1/../../../../arm-none-eabi/lib/thumb/v7e-m+fp/hard\libc_nano.a(libc_a-mlock.o)
                0x08003904                __malloc_unlock
 .text.sprintf  0x08003910       0x40 C:/ST/STM32CubeIDE_1.17.0/STM32CubeIDE/plugins/com.st.stm32cube.ide.mcu.externaltools.gnu-tools-for-stm32.12.3.rel1.win32_1.1.0.202410251130/tools/bin/../lib/gcc/arm-none-eabi/12.3.1/../../../../arm-none-eabi/lib/thumb/v7e-m+fp/hard\libc_nano.a(libc_a-sprintf.o)
                0x08003910                siprintf
                0x08003910                sprintf
 .text.memset   0x08003950       0x10 C:/ST/STM32CubeIDE_1.17.0/STM32CubeIDE/plugins/com.st.stm32cube.ide.mcu.externaltools.gnu-tools-for-stm32.12.3.rel1.win32_1.1.0.202410251130/tools/bin/../lib/gcc/arm-none-eabi/12.3.1/../../../../arm-none-eabi/lib/thumb/v7e-m+fp/hard\libc_nano.a(libc_a-memset.o)
                0x08003950                memset
 .text.strcat   0x08003960       0x1e C:/ST/STM32CubeIDE_1.17.0/STM32CubeIDE/plugins/com.st.stm32cube.ide.mcu.externaltools.gnu-tools-for-stm32.12.3.rel1.win32_1.1.0.202410251130/tools/bin/../lib/gcc/arm-none-eabi/12.3.1/../../../../arm-none-eabi/lib/thumb/v7e-m+fp/hard\libc_nano.a(libc_a-strcat.o)
                0x08003960                strcat
 *fill*         0x0800397e        0x2 
 .text._sbrk_r  0x08003980       0x20 C:/ST/STM32CubeIDE_1.17.0/STM32CubeIDE/plugins/com.st.stm32cube.ide.mcu.externaltools.gnu-tools-for-stm32.12.3.rel1.win32_1.1.0.202410251130/tools/bin/../lib/gcc/arm-none-eabi/12.3.1/../../../../arm-none-eabi/lib/thumb/v7e-m+fp/hard\libc_nano.a(libc_a-sbrkr.o)
                0x08003980                _sbrk_r
 .text.__errno  0x080039a0        0xc C:/ST/STM32CubeIDE_1.17.0/STM32CubeIDE/plugins/com.st.stm32cube.ide.mcu.externaltools.gnu-tools-for-stm32.12.3.rel1.win32_1.1.0.202410251130/tools/bin/../lib/gcc/arm-none-eabi/12.3.1/../../../../arm-none-eabi/lib/thumb/v7e-m+fp/hard\libc_nano.a(libc_a-errno.o)
                0x080039a0                __errno
 .text.__libc_init_array
                0x080039ac       0x48 C:/ST/STM32CubeIDE_1.17.0/STM32CubeIDE/plugins/com.st.stm32cube.ide.mcu.externaltools.gnu-tools-for-stm32.12.3.rel1.win32_1.1.0.202410251130/tools/bin/../lib/gcc/arm-none-eabi/12.3.1/../../../../arm-none-eabi/lib/thumb/v7e-m+fp/hard\libc_nano.a(libc_a-init.o)
                0x080039ac                __libc_init_array
 .text.__retarget_lock_acquire_recursive
                0x080039f4        0x2 C:/ST/STM32CubeIDE_1.17.0/STM32CubeIDE/plugins/com.st.stm32cube.ide.mcu.externaltools.gnu-tools-for-stm32.12.3.rel1.win32_1.1.0.202410251130/tools/bin/../lib/gcc/arm-none-eabi/12.3.1/../../../../arm-none-eabi/lib/thumb/v7e-m+fp/hard\libc_nano.a(libc_a-lock.o)
                0x080039f4                __retarget_lock_acquire_recursive
 .text.__retarget_lock_release_recursive
                0x080039f6        0x2 C:/ST/STM32CubeIDE_1.17.0/STM32CubeIDE/plugins/com.st.stm32cube.ide.mcu.externaltools.gnu-tools-for-stm32.12.3.rel1.win32_1.1.0.202410251130/tools/bin/../lib/gcc/arm-none-eabi/12.3.1/../../../../arm-none-eabi/lib/thumb/v7e-m+fp/hard\libc_nano.a(libc_a-lock.o)
                0x080039f6                __retarget_lock_release_recursive
 .text.memcpy   0x080039f8       0x1c C:/ST/STM32CubeIDE_1.17.0/STM32CubeIDE/plugins/com.st.stm32cube.ide.mcu.externaltools.gnu-tools-for-stm32.12.3.rel1.win32_1.1.0.202410251130/tools/bin/../lib/gcc/arm-none-eabi/12.3.1/../../../../arm-none-eabi/lib/thumb/v7e-m+fp/hard\libc_nano.a(libc_a-memcpy-stub.o)
                0x080039f8                memcpy
 .text._free_r  0x08003a14       0x94 C:/ST/STM32CubeIDE_1.17.0/STM32CubeIDE/plugins/com.st.stm32cube.ide.mcu.externaltools.gnu-tools-for-stm32.12.3.rel1.win32_1.1.0.202410251130/tools/bin/../lib/gcc/arm-none-eabi/12.3.1/../../../../arm-none-eabi/lib/thumb/v7e-m+fp/hard\libc_nano.a(libc_a-freer.o)
                0x08003a14                _free_r
 .text.__ssputs_r
                0x08003aa8       0xb6 C:/ST/STM32CubeIDE_1.17.0/STM32CubeIDE/plugins/com.st.stm32cube.ide.mcu.externaltools.gnu-tools-for-stm32.12.3.rel1.win32_1.1.0.202410251130/tools/bin/../lib/gcc/arm-none-eabi/12.3.1/../../../../arm-none-eabi/lib/thumb/v7e-m+fp/hard\libc_nano.a(libc_a-nano-svfprintf.o)
                0x08003aa8                __ssputs_r
 *fill*         0x08003b5e        0x2 
 .text._svfprintf_r
                0x08003b60      0x1f8 C:/ST/STM32CubeIDE_1.17.0/STM32CubeIDE/plugins/com.st.stm32cube.ide.mcu.externaltools.gnu-tools-for-stm32.12.3.rel1.win32_1.1.0.202410251130/tools/bin/../lib/gcc/arm-none-eabi/12.3.1/../../../../arm-none-eabi/lib/thumb/v7e-m+fp/hard\libc_nano.a(libc_a-nano-svfprintf.o)
                0x08003b60                _svfiprintf_r
                0x08003b60                _svfprintf_r
 .text._printf_common
                0x08003d58       0xda C:/ST/STM32CubeIDE_1.17.0/STM32CubeIDE/plugins/com.st.stm32cube.ide.mcu.externaltools.gnu-tools-for-stm32.12.3.rel1.win32_1.1.0.202410251130/tools/bin/../lib/gcc/arm-none-eabi/12.3.1/../../../../arm-none-eabi/lib/thumb/v7e-m+fp/hard\libc_nano.a(libc_a-nano-vfprintf_i.o)
                0x08003d58                _printf_common
 *fill*         0x08003e32        0x2 
 .text._printf_i
                0x08003e34      0x240 C:/ST/STM32CubeIDE_1.17.0/STM32CubeIDE/plugins/com.st.stm32cube.ide.mcu.externaltools.gnu-tools-for-stm32.12.3.rel1.win32_1.1.0.202410251130/tools/bin/../lib/gcc/arm-none-eabi/12.3.1/../../../../arm-none-eabi/lib/thumb/v7e-m+fp/hard\libc_nano.a(libc_a-nano-vfprintf_i.o)
                0x08003e34                _printf_i
 .text.memmove  0x08004074       0x34 C:/ST/STM32CubeIDE_1.17.0/STM32CubeIDE/plugins/com.st.stm32cube.ide.mcu.externaltools.gnu-tools-for-stm32.12.3.rel1.win32_1.1.0.202410251130/tools/bin/../lib/gcc/arm-none-eabi/12.3.1/../../../../arm-none-eabi/lib/thumb/v7e-m+fp/hard\libc_nano.a(libc_a-memmove.o)
                0x08004074                memmove
 .text._realloc_r
                0x080040a8       0x5c C:/ST/STM32CubeIDE_1.17.0/STM32CubeIDE/plugins/com.st.stm32cube.ide.mcu.externaltools.gnu-tools-for-stm32.12.3.rel1.win32_1.1.0.202410251130/tools/bin/../lib/gcc/arm-none-eabi/12.3.1/../../../../arm-none-eabi/lib/thumb/v7e-m+fp/hard\libc_nano.a(libc_a-reallocr.o)
                0x080040a8                _realloc_r
 .text._malloc_usable_size_r
                0x08004104       0x10 C:/ST/STM32CubeIDE_1.17.0/STM32CubeIDE/plugins/com.st.stm32cube.ide.mcu.externaltools.gnu-tools-for-stm32.12.3.rel1.win32_1.1.0.202410251130/tools/bin/../lib/gcc/arm-none-eabi/12.3.1/../../../../arm-none-eabi/lib/thumb/v7e-m+fp/hard\libc_nano.a(libc_a-msizer.o)
                0x08004104                _malloc_usable_size_r
 *(.glue_7)
 .glue_7        0x08004114        0x0 linker stubs
 *(.glue_7t)
 .glue_7t       0x08004114        0x0 linker stubs
 *(.eh_frame)
 .eh_frame      0x08004114        0x0 C:/ST/STM32CubeIDE_1.17.0/STM32CubeIDE/plugins/com.st.stm32cube.ide.mcu.externaltools.gnu-tools-for-stm32.12.3.rel1.win32_1.1.0.202410251130/tools/bin/../lib/gcc/arm-none-eabi/12.3.1/thumb/v7e-m+fp/hard/crtbegin.o
 *(.init)
 .init          0x08004114        0x4 C:/ST/STM32CubeIDE_1.17.0/STM32CubeIDE/plugins/com.st.stm32cube.ide.mcu.externaltools.gnu-tools-for-stm32.12.3.rel1.win32_1.1.0.202410251130/tools/bin/../lib/gcc/arm-none-eabi/12.3.1/thumb/v7e-m+fp/hard/crti.o
                0x08004114                _init
 .init          0x08004118        0x8 C:/ST/STM32CubeIDE_1.17.0/STM32CubeIDE/plugins/com.st.stm32cube.ide.mcu.externaltools.gnu-tools-for-stm32.12.3.rel1.win32_1.1.0.202410251130/tools/bin/../lib/gcc/arm-none-eabi/12.3.1/thumb/v7e-m+fp/hard/crtn.o
 *(.fini)
 .fini          0x08004120        0x4 C:/ST/STM32CubeIDE_1.17.0/STM32CubeIDE/plugins/com.st.stm32cube.ide.mcu.externaltools.gnu-tools-for-stm32.12.3.rel1.win32_1.1.0.202410251130/tools/bin/../lib/gcc/arm-none-eabi/12.3.1/thumb/v7e-m+fp/hard/crti.o
                0x08004120                _fini
 .fini          0x08004124        0x8 C:/ST/STM32CubeIDE_1.17.0/STM32CubeIDE/plugins/com.st.stm32cube.ide.mcu.externaltools.gnu-tools-for-stm32.12.3.rel1.win32_1.1.0.202410251130/tools/bin/../lib/gcc/arm-none-eabi/12.3.1/thumb/v7e-m+fp/hard/crtn.o
                0x0800412c                        . = ALIGN (0x4)
                0x0800412c                        _etext = .

.vfp11_veneer   0x0800412c        0x0
 .vfp11_veneer  0x0800412c        0x0 linker stubs

.v4_bx          0x0800412c        0x0
 .v4_bx         0x0800412c        0x0 linker stubs

.iplt           0x0800412c        0x0
 .iplt          0x0800412c        0x0 C:/ST/STM32CubeIDE_1.17.0/STM32CubeIDE/plugins/com.st.stm32cube.ide.mcu.externaltools.gnu-tools-for-stm32.12.3.rel1.win32_1.1.0.202410251130/tools/bin/../lib/gcc/arm-none-eabi/12.3.1/thumb/v7e-m+fp/hard/crtbegin.o

.rodata         0x0800412c       0x9c
                0x0800412c                        . = ALIGN (0x4)
 *(.rodata)
 .rodata        0x0800412c        0xd ./Core/Src/ble.o
 *fill*         0x08004139        0x3 
 .rodata        0x0800413c       0x15 ./Core/Src/main.o
 *(.rodata*)
 *fill*         0x08004151        0x3 
 .rodata.AHBPrescTable
                0x08004154       0x10 ./Core/Src/system_stm32l4xx.o
                0x08004154                AHBPrescTable
 .rodata.MSIRangeTable
                0x08004164       0x30 ./Core/Src/system_stm32l4xx.o
                0x08004164                MSIRangeTable
 .rodata._svfprintf_r.str1.1
                0x08004194       0x11 C:/ST/STM32CubeIDE_1.17.0/STM32CubeIDE/plugins/com.st.stm32cube.ide.mcu.externaltools.gnu-tools-for-stm32.12.3.rel1.win32_1.1.0.202410251130/tools/bin/../lib/gcc/arm-none-eabi/12.3.1/../../../../arm-none-eabi/lib/thumb/v7e-m+fp/hard\libc_nano.a(libc_a-nano-svfprintf.o)
 .rodata._printf_i.str1.1
                0x080041a5       0x22 C:/ST/STM32CubeIDE_1.17.0/STM32CubeIDE/plugins/com.st.stm32cube.ide.mcu.externaltools.gnu-tools-for-stm32.12.3.rel1.win32_1.1.0.202410251130/tools/bin/../lib/gcc/arm-none-eabi/12.3.1/../../../../arm-none-eabi/lib/thumb/v7e-m+fp/hard\libc_nano.a(libc_a-nano-vfprintf_i.o)
                0x080041c8                        . = ALIGN (0x4)
 *fill*         0x080041c7        0x1 

.ARM.extab      0x080041c8        0x0
                0x080041c8                        . = ALIGN (0x4)
 *(.ARM.extab* .gnu.linkonce.armextab.*)
                0x080041c8                        . = ALIGN (0x4)

.ARM            0x080041c8        0x8
                0x080041c8                        . = ALIGN (0x4)
                0x080041c8                        __exidx_start = .
 *(.ARM.exidx*)
 .ARM.exidx     0x080041c8        0x8 C:/ST/STM32CubeIDE_1.17.0/STM32CubeIDE/plugins/com.st.stm32cube.ide.mcu.externaltools.gnu-tools-for-stm32.12.3.rel1.win32_1.1.0.202410251130/tools/bin/../lib/gcc/arm-none-eabi/12.3.1/../../../../arm-none-eabi/lib/thumb/v7e-m+fp/hard\libc_nano.a(libc_a-strlen.o)
 .ARM.exidx     0x080041d0        0x0 C:/ST/STM32CubeIDE_1.17.0/STM32CubeIDE/plugins/com.st.stm32cube.ide.mcu.externaltools.gnu-tools-for-stm32.12.3.rel1.win32_1.1.0.202410251130/tools/bin/../lib/gcc/arm-none-eabi/12.3.1/../../../../arm-none-eabi/lib/thumb/v7e-m+fp/hard\libc_nano.a(libc_a-memchr.o)
                                  0x8 (size before relaxing)
                0x080041d0                        __exidx_end = .
                0x080041d0                        . = ALIGN (0x4)

.rel.dyn        0x080041d0        0x0
 .rel.iplt      0x080041d0        0x0 C:/ST/STM32CubeIDE_1.17.0/STM32CubeIDE/plugins/com.st.stm32cube.ide.mcu.externaltools.gnu-tools-for-stm32.12.3.rel1.win32_1.1.0.202410251130/tools/bin/../lib/gcc/arm-none-eabi/12.3.1/thumb/v7e-m+fp/hard/crtbegin.o

.preinit_array  0x080041d0        0x0
                0x080041d0                        . = ALIGN (0x4)
                0x080041d0                        PROVIDE (__preinit_array_start = .)
 *(.preinit_array*)
                0x080041d0                        PROVIDE (__preinit_array_end = .)
                0x080041d0                        . = ALIGN (0x4)

.init_array     0x080041d0        0x4
                0x080041d0                        . = ALIGN (0x4)
                0x080041d0                        PROVIDE (__init_array_start = .)
 *(SORT_BY_NAME(.init_array.*))
 *(.init_array*)
 .init_array    0x080041d0        0x4 C:/ST/STM32CubeIDE_1.17.0/STM32CubeIDE/plugins/com.st.stm32cube.ide.mcu.externaltools.gnu-tools-for-stm32.12.3.rel1.win32_1.1.0.202410251130/tools/bin/../lib/gcc/arm-none-eabi/12.3.1/thumb/v7e-m+fp/hard/crtbegin.o
                0x080041d4                        PROVIDE (__init_array_end = .)
                0x080041d4                        . = ALIGN (0x4)

.fini_array     0x080041d4        0x4
                0x080041d4                        . = ALIGN (0x4)
                [!provide]                        PROVIDE (__fini_array_start = .)
 *(SORT_BY_NAME(.fini_array.*))
 *(.fini_array*)
 .fini_array    0x080041d4        0x4 C:/ST/STM32CubeIDE_1.17.0/STM32CubeIDE/plugins/com.st.stm32cube.ide.mcu.externaltools.gnu-tools-for-stm32.12.3.rel1.win32_1.1.0.202410251130/tools/bin/../lib/gcc/arm-none-eabi/12.3.1/thumb/v7e-m+fp/hard/crtbegin.o
                [!provide]                        PROVIDE (__fini_array_end = .)
                0x080041d8                        . = ALIGN (0x4)
                0x080041d8                        _sidata = LOADADDR (.data)

.data           0x20000000      0x1ac load address 0x080041d8
                0x20000000                        . = ALIGN (0x4)
                0x20000000                        _sdata = .
 *(.data)
 *(.data*)
 .data.EVENT_STATUP_DATA
                0x20000000        0x6 ./Core/Src/ble.o
                0x20000000                EVENT_STATUP_DATA
 *fill*         0x20000006        0x2 
 .data.ACI_GATT_INIT
                0x20000008        0x4 ./Core/Src/ble.o
                0x20000008                ACI_GATT_INIT
 .data.ACI_GATT_INIT_COMPLETE
                0x2000000c        0x7 ./Core/Src/ble.o
                0x2000000c                ACI_GATT_INIT_COMPLETE
 *fill*         0x20000013        0x1 
 .data.ACI_GAP_INIT
                0x20000014        0x7 ./Core/Src/ble.o
                0x20000014                ACI_GAP_INIT
 *fill*         0x2000001b        0x1 
 .data.ACI_GAP_INIT_COMPLETE
                0x2000001c        0x7 ./Core/Src/ble.o
                0x2000001c                ACI_GAP_INIT_COMPLETE
 *fill*         0x20000023        0x1 
 .data.ACI_GAP_SET_AUTH
                0x20000024       0x10 ./Core/Src/ble.o
                0x20000024                ACI_GAP_SET_AUTH
 .data.ACI_GAP_SET_AUTH_RESP
                0x20000034        0x7 ./Core/Src/ble.o
                0x20000034                ACI_GAP_SET_AUTH_RESP
 *fill*         0x2000003b        0x1 
 .data.ACI_HAL_SET_TX_POWER_LEVEL
                0x2000003c        0x6 ./Core/Src/ble.o
                0x2000003c                ACI_HAL_SET_TX_POWER_LEVEL
 *fill*         0x20000042        0x2 
 .data.ACI_HAL_SET_TX_POWER_LEVEL_COMPLETE
                0x20000044        0x7 ./Core/Src/ble.o
                0x20000044                ACI_HAL_SET_TX_POWER_LEVEL_COMPLETE
 *fill*         0x2000004b        0x1 
 .data.HCI_LE_SET_SCAN_RESPONSE_DATA
                0x2000004c       0x24 ./Core/Src/ble.o
                0x2000004c                HCI_LE_SET_SCAN_RESPONSE_DATA
 .data.HCI_LE_SET_SCAN_RESPONSE_DATA_COMPLETE
                0x20000070        0x7 ./Core/Src/ble.o
                0x20000070                HCI_LE_SET_SCAN_RESPONSE_DATA_COMPLETE
 *fill*         0x20000077        0x1 
 .data.ACI_GAP_SET_DISCOVERABLE
                0x20000078        0xd ./Core/Src/ble.o
                0x20000078                ACI_GAP_SET_DISCOVERABLE
 *fill*         0x20000085        0x3 
 .data.ACI_GAP_SET_DISCOVERABLE_COMPLETE
                0x20000088        0x7 ./Core/Src/ble.o
                0x20000088                ACI_GAP_SET_DISCOVERABLE_COMPLETE
 *fill*         0x2000008f        0x1 
 .data.ADD_PRIMARY_SERVICE
                0x20000090       0x17 ./Core/Src/ble.o
                0x20000090                ADD_PRIMARY_SERVICE
 *fill*         0x200000a7        0x1 
 .data.ADD_PRIMARY_SERVICE_COMPLETE
                0x200000a8        0x7 ./Core/Src/ble.o
                0x200000a8                ADD_PRIMARY_SERVICE_COMPLETE
 *fill*         0x200000af        0x1 
 .data.ADD_CUSTOM_CHAR
                0x200000b0       0x1e ./Core/Src/ble.o
                0x200000b0                ADD_CUSTOM_CHAR
 *fill*         0x200000ce        0x2 
 .data.ADD_CUSTOM_CHAR_COMPLETE
                0x200000d0        0x7 ./Core/Src/ble.o
                0x200000d0                ADD_CUSTOM_CHAR_COMPLETE
 *fill*         0x200000d7        0x1 
 .data.UPDATE_CHAR
                0x200000d8        0xf ./Core/Src/ble.o
                0x200000d8                UPDATE_CHAR
 *fill*         0x200000e7        0x1 
 .data.DISCONNECT
                0x200000e8        0x4 ./Core/Src/ble.o
                0x200000e8                DISCONNECT
 .data.EVENT_DISCONNECTED
                0x200000ec        0x4 ./Core/Src/ble.o
                0x200000ec                EVENT_DISCONNECTED
 .data.EVENT_DISCONNECT_PENDING
                0x200000f0        0x7 ./Core/Src/ble.o
                0x200000f0                EVENT_DISCONNECT_PENDING
 *fill*         0x200000f7        0x1 
 .data.EVENT_CONNECTED
                0x200000f8        0x5 ./Core/Src/ble.o
                0x200000f8                EVENT_CONNECTED
 *fill*         0x200000fd        0x3 
 .data.EVENT_GATT_CHANGED
                0x20000100        0x5 ./Core/Src/ble.o
                0x20000100                EVENT_GATT_CHANGED
 *fill*         0x20000105        0x3 
 .data.ACI_GAP_SET_NON_DISCOVERABLE
                0x20000108        0x4 ./Core/Src/ble.o
                0x20000108                ACI_GAP_SET_NON_DISCOVERABLE
 .data.ACI_GAP_SET_NON_DISCOVERABLE_COMPLETE
                0x2000010c        0x7 ./Core/Src/ble.o
                0x2000010c                ACI_GAP_SET_NON_DISCOVERABLE_COMPLETE
 *fill*         0x20000113        0x1 
 .data.deviceName
                0x20000114        0x6 ./Core/Src/ble.o
                0x20000114                deviceName
 *fill*         0x2000011a        0x2 
 .data.UUID_NORDIC_UART_SERVICE
                0x2000011c       0x10 ./Core/Src/ble.o
                0x2000011c                UUID_NORDIC_UART_SERVICE
 .data.UUID_CHAR_WRITE
                0x2000012c       0x10 ./Core/Src/ble.o
                0x2000012c                UUID_CHAR_WRITE
 .data.UUID_CHAR_READ
                0x2000013c       0x10 ./Core/Src/ble.o
                0x2000013c                UUID_CHAR_READ
 .data.connectionHandler
                0x2000014c        0x4 ./Core/Src/ble.o
                0x2000014c                connectionHandler
 .data.SystemCoreClock
                0x20000150        0x4 ./Core/Src/system_stm32l4xx.o
                0x20000150                SystemCoreClock
 .data.uwTickPrio
                0x20000154        0x4 ./Drivers/STM32L4xx_HAL_Driver/Src/stm32l4xx_hal.o
                0x20000154                uwTickPrio
 .data.uwTickFreq
                0x20000158        0x1 ./Drivers/STM32L4xx_HAL_Driver/Src/stm32l4xx_hal.o
                0x20000158                uwTickFreq
 *fill*         0x20000159        0x3 
 .data._impure_ptr
                0x2000015c        0x4 C:/ST/STM32CubeIDE_1.17.0/STM32CubeIDE/plugins/com.st.stm32cube.ide.mcu.externaltools.gnu-tools-for-stm32.12.3.rel1.win32_1.1.0.202410251130/tools/bin/../lib/gcc/arm-none-eabi/12.3.1/../../../../arm-none-eabi/lib/thumb/v7e-m+fp/hard\libc_nano.a(libc_a-impure.o)
                0x2000015c                _impure_ptr
 .data._impure_data
                0x20000160       0x4c C:/ST/STM32CubeIDE_1.17.0/STM32CubeIDE/plugins/com.st.stm32cube.ide.mcu.externaltools.gnu-tools-for-stm32.12.3.rel1.win32_1.1.0.202410251130/tools/bin/../lib/gcc/arm-none-eabi/12.3.1/../../../../arm-none-eabi/lib/thumb/v7e-m+fp/hard\libc_nano.a(libc_a-impure.o)
                0x20000160                _impure_data
 *(.RamFunc)
 *(.RamFunc*)
                0x200001ac                        . = ALIGN (0x4)
                0x200001ac                        _edata = .

.igot.plt       0x200001ac        0x0 load address 0x08004384
 .igot.plt      0x200001ac        0x0 C:/ST/STM32CubeIDE_1.17.0/STM32CubeIDE/plugins/com.st.stm32cube.ide.mcu.externaltools.gnu-tools-for-stm32.12.3.rel1.win32_1.1.0.202410251130/tools/bin/../lib/gcc/arm-none-eabi/12.3.1/thumb/v7e-m+fp/hard/crtbegin.o
                0x200001ac                        . = ALIGN (0x4)

.bss            0x200001ac      0x2fc load address 0x08004384
                0x200001ac                        _sbss = .
                0x200001ac                        __bss_start__ = _sbss
 *(.bss)
 .bss           0x200001ac       0x1c C:/ST/STM32CubeIDE_1.17.0/STM32CubeIDE/plugins/com.st.stm32cube.ide.mcu.externaltools.gnu-tools-for-stm32.12.3.rel1.win32_1.1.0.202410251130/tools/bin/../lib/gcc/arm-none-eabi/12.3.1/thumb/v7e-m+fp/hard/crtbegin.o
 *(.bss*)
 .bss.GAP_SERVICE_HANDLE
                0x200001c8        0x2 ./Core/Src/ble.o
                0x200001c8                GAP_SERVICE_HANDLE
 *fill*         0x200001ca        0x2 
 .bss.GAP_CHAR_NAME_HANDLE
                0x200001cc        0x2 ./Core/Src/ble.o
                0x200001cc                GAP_CHAR_NAME_HANDLE
 *fill*         0x200001ce        0x2 
 .bss.GAP_CHAR_APP_HANDLE
                0x200001d0        0x2 ./Core/Src/ble.o
                0x200001d0                GAP_CHAR_APP_HANDLE
 *fill*         0x200001d2        0x2 
 .bss.buffer    0x200001d4       0xff ./Core/Src/ble.o
                0x200001d4                buffer
 *fill*         0x200002d3        0x1 
 .bss.NORDIC_UART_SERVICE_HANDLE
                0x200002d4        0x2 ./Core/Src/ble.o
                0x200002d4                NORDIC_UART_SERVICE_HANDLE
 *fill*         0x200002d6        0x2 
 .bss.WRITE_CHAR_HANDLE
                0x200002d8        0x2 ./Core/Src/ble.o
                0x200002d8                WRITE_CHAR_HANDLE
 *fill*         0x200002da        0x2 
 .bss.READ_CHAR_HANDLE
                0x200002dc        0x2 ./Core/Src/ble.o
                0x200002dc                READ_CHAR_HANDLE
 .bss.stackInitCompleteFlag
                0x200002de        0x2 ./Core/Src/ble.o
                0x200002de                stackInitCompleteFlag
 .bss.rxEvent   0x200002e0        0x4 ./Core/Src/ble.o
                0x200002e0                rxEvent
 .bss.dataAvailable
                0x200002e4        0x4 ./Core/Src/main.o
                0x200002e4                dataAvailable
 .bss.hspi3     0x200002e8       0x64 ./Core/Src/main.o
                0x200002e8                hspi3
 .bss.time      0x2000034c        0x4 ./Core/Src/main.o
                0x2000034c                time
 .bss.lost_mode
                0x20000350        0x1 ./Core/Src/main.o
                0x20000350                lost_mode
 .bss.interrupt_flag
                0x20000351        0x1 ./Core/Src/main.o
                0x20000351                interrupt_flag
 .bss.prev_x.2  0x20000352        0x2 ./Core/Src/main.o
 .bss.prev_y.1  0x20000354        0x2 ./Core/Src/main.o
 .bss.prev_z.0  0x20000356        0x2 ./Core/Src/main.o
 .bss.heap_end.0
                0x20000358        0x4 ./Core/Src/syscalls.o
 .bss.uwTick    0x2000035c        0x4 ./Drivers/STM32L4xx_HAL_Driver/Src/stm32l4xx_hal.o
                0x2000035c                uwTick
 .bss.__malloc_sbrk_start
                0x20000360        0x4 C:/ST/STM32CubeIDE_1.17.0/STM32CubeIDE/plugins/com.st.stm32cube.ide.mcu.externaltools.gnu-tools-for-stm32.12.3.rel1.win32_1.1.0.202410251130/tools/bin/../lib/gcc/arm-none-eabi/12.3.1/../../../../arm-none-eabi/lib/thumb/v7e-m+fp/hard\libc_nano.a(libc_a-mallocr.o)
                0x20000360                __malloc_sbrk_start
 .bss.__malloc_free_list
                0x20000364        0x4 C:/ST/STM32CubeIDE_1.17.0/STM32CubeIDE/plugins/com.st.stm32cube.ide.mcu.externaltools.gnu-tools-for-stm32.12.3.rel1.win32_1.1.0.202410251130/tools/bin/../lib/gcc/arm-none-eabi/12.3.1/../../../../arm-none-eabi/lib/thumb/v7e-m+fp/hard\libc_nano.a(libc_a-mallocr.o)
                0x20000364                __malloc_free_list
 .bss.__sf      0x20000368      0x138 C:/ST/STM32CubeIDE_1.17.0/STM32CubeIDE/plugins/com.st.stm32cube.ide.mcu.externaltools.gnu-tools-for-stm32.12.3.rel1.win32_1.1.0.202410251130/tools/bin/../lib/gcc/arm-none-eabi/12.3.1/../../../../arm-none-eabi/lib/thumb/v7e-m+fp/hard\libc_nano.a(libc_a-findfp.o)
                0x20000368                __sf
 .bss.errno     0x200004a0        0x4 C:/ST/STM32CubeIDE_1.17.0/STM32CubeIDE/plugins/com.st.stm32cube.ide.mcu.externaltools.gnu-tools-for-stm32.12.3.rel1.win32_1.1.0.202410251130/tools/bin/../lib/gcc/arm-none-eabi/12.3.1/../../../../arm-none-eabi/lib/thumb/v7e-m+fp/hard\libc_nano.a(libc_a-reent.o)
                0x200004a0                errno
 .bss.__lock___malloc_recursive_mutex
                0x200004a4        0x1 C:/ST/STM32CubeIDE_1.17.0/STM32CubeIDE/plugins/com.st.stm32cube.ide.mcu.externaltools.gnu-tools-for-stm32.12.3.rel1.win32_1.1.0.202410251130/tools/bin/../lib/gcc/arm-none-eabi/12.3.1/../../../../arm-none-eabi/lib/thumb/v7e-m+fp/hard\libc_nano.a(libc_a-lock.o)
                0x200004a4                __lock___malloc_recursive_mutex
 *(COMMON)
                0x200004a8                        . = ALIGN (0x4)
 *fill*         0x200004a5        0x3 
                0x200004a8                        _ebss = .
                0x200004a8                        __bss_end__ = _ebss

._user_heap_stack
                0x200004a8      0x600 load address 0x08004384
                0x200004a8                        . = ALIGN (0x8)
                0x200004a8                        PROVIDE (end = .)
                [!provide]                        PROVIDE (_end = .)
                0x200006a8                        . = (. + _Min_Heap_Size)
 *fill*         0x200004a8      0x200 
                0x20000aa8                        . = (. + _Min_Stack_Size)
 *fill*         0x200006a8      0x400 
                0x20000aa8                        . = ALIGN (0x8)

/DISCARD/
 libc.a(*)
 libm.a(*)
 libgcc.a(*)

.ARM.attributes
                0x00000000       0x30
 *(.ARM.attributes)
 .ARM.attributes
                0x00000000       0x22 C:/ST/STM32CubeIDE_1.17.0/STM32CubeIDE/plugins/com.st.stm32cube.ide.mcu.externaltools.gnu-tools-for-stm32.12.3.rel1.win32_1.1.0.202410251130/tools/bin/../lib/gcc/arm-none-eabi/12.3.1/thumb/v7e-m+fp/hard/crti.o
 .ARM.attributes
                0x00000022       0x34 C:/ST/STM32CubeIDE_1.17.0/STM32CubeIDE/plugins/com.st.stm32cube.ide.mcu.externaltools.gnu-tools-for-stm32.12.3.rel1.win32_1.1.0.202410251130/tools/bin/../lib/gcc/arm-none-eabi/12.3.1/thumb/v7e-m+fp/hard/crtbegin.o
 .ARM.attributes
                0x00000056       0x34 ./Core/Src/ble.o
 .ARM.attributes
                0x0000008a       0x34 ./Core/Src/i2c.o
 .ARM.attributes
                0x000000be       0x34 ./Core/Src/leds.o
 .ARM.attributes
                0x000000f2       0x34 ./Core/Src/lsm6dsl.o
 .ARM.attributes
                0x00000126       0x34 ./Core/Src/main.o
 .ARM.attributes
                0x0000015a       0x34 ./Core/Src/stm32l4xx_hal_msp.o
 .ARM.attributes
                0x0000018e       0x34 ./Core/Src/stm32l4xx_it.o
 .ARM.attributes
                0x000001c2       0x34 ./Core/Src/syscalls.o
 .ARM.attributes
                0x000001f6       0x34 ./Core/Src/system_stm32l4xx.o
 .ARM.attributes
                0x0000022a       0x34 ./Core/Src/timer.o
 .ARM.attributes
                0x0000025e       0x21 ./Core/Startup/startup_stm32l475vgtx.o
 .ARM.attributes
                0x0000027f       0x34 ./Drivers/STM32L4xx_HAL_Driver/Src/stm32l4xx_hal.o
 .ARM.attributes
                0x000002b3       0x34 ./Drivers/STM32L4xx_HAL_Driver/Src/stm32l4xx_hal_cortex.o
 .ARM.attributes
                0x000002e7       0x34 ./Drivers/STM32L4xx_HAL_Driver/Src/stm32l4xx_hal_gpio.o
 .ARM.attributes
                0x0000031b       0x34 ./Drivers/STM32L4xx_HAL_Driver/Src/stm32l4xx_hal_pwr_ex.o
 .ARM.attributes
                0x0000034f       0x34 ./Drivers/STM32L4xx_HAL_Driver/Src/stm32l4xx_hal_rcc.o
 .ARM.attributes
                0x00000383       0x34 ./Drivers/STM32L4xx_HAL_Driver/Src/stm32l4xx_hal_spi.o
 .ARM.attributes
                0x000003b7       0x34 C:/ST/STM32CubeIDE_1.17.0/STM32CubeIDE/plugins/com.st.stm32cube.ide.mcu.externaltools.gnu-tools-for-stm32.12.3.rel1.win32_1.1.0.202410251130/tools/bin/../lib/gcc/arm-none-eabi/12.3.1/../../../../arm-none-eabi/lib/thumb/v7e-m+fp/hard\libc_nano.a(libc_a-malloc.o)
 .ARM.attributes
                0x000003eb       0x34 C:/ST/STM32CubeIDE_1.17.0/STM32CubeIDE/plugins/com.st.stm32cube.ide.mcu.externaltools.gnu-tools-for-stm32.12.3.rel1.win32_1.1.0.202410251130/tools/bin/../lib/gcc/arm-none-eabi/12.3.1/../../../../arm-none-eabi/lib/thumb/v7e-m+fp/hard\libc_nano.a(libc_a-mallocr.o)
 .ARM.attributes
                0x0000041f       0x34 C:/ST/STM32CubeIDE_1.17.0/STM32CubeIDE/plugins/com.st.stm32cube.ide.mcu.externaltools.gnu-tools-for-stm32.12.3.rel1.win32_1.1.0.202410251130/tools/bin/../lib/gcc/arm-none-eabi/12.3.1/../../../../arm-none-eabi/lib/thumb/v7e-m+fp/hard\libc_nano.a(libc_a-mlock.o)
 .ARM.attributes
                0x00000453       0x34 C:/ST/STM32CubeIDE_1.17.0/STM32CubeIDE/plugins/com.st.stm32cube.ide.mcu.externaltools.gnu-tools-for-stm32.12.3.rel1.win32_1.1.0.202410251130/tools/bin/../lib/gcc/arm-none-eabi/12.3.1/../../../../arm-none-eabi/lib/thumb/v7e-m+fp/hard\libc_nano.a(libc_a-findfp.o)
 .ARM.attributes
                0x00000487       0x34 C:/ST/STM32CubeIDE_1.17.0/STM32CubeIDE/plugins/com.st.stm32cube.ide.mcu.externaltools.gnu-tools-for-stm32.12.3.rel1.win32_1.1.0.202410251130/tools/bin/../lib/gcc/arm-none-eabi/12.3.1/../../../../arm-none-eabi/lib/thumb/v7e-m+fp/hard\libc_nano.a(libc_a-sprintf.o)
 .ARM.attributes
                0x000004bb       0x34 C:/ST/STM32CubeIDE_1.17.0/STM32CubeIDE/plugins/com.st.stm32cube.ide.mcu.externaltools.gnu-tools-for-stm32.12.3.rel1.win32_1.1.0.202410251130/tools/bin/../lib/gcc/arm-none-eabi/12.3.1/../../../../arm-none-eabi/lib/thumb/v7e-m+fp/hard\libc_nano.a(libc_a-memset.o)
 .ARM.attributes
                0x000004ef       0x34 C:/ST/STM32CubeIDE_1.17.0/STM32CubeIDE/plugins/com.st.stm32cube.ide.mcu.externaltools.gnu-tools-for-stm32.12.3.rel1.win32_1.1.0.202410251130/tools/bin/../lib/gcc/arm-none-eabi/12.3.1/../../../../arm-none-eabi/lib/thumb/v7e-m+fp/hard\libc_nano.a(libc_a-strcat.o)
 .ARM.attributes
                0x00000523       0x34 C:/ST/STM32CubeIDE_1.17.0/STM32CubeIDE/plugins/com.st.stm32cube.ide.mcu.externaltools.gnu-tools-for-stm32.12.3.rel1.win32_1.1.0.202410251130/tools/bin/../lib/gcc/arm-none-eabi/12.3.1/../../../../arm-none-eabi/lib/thumb/v7e-m+fp/hard\libc_nano.a(libc_a-reent.o)
 .ARM.attributes
                0x00000557       0x34 C:/ST/STM32CubeIDE_1.17.0/STM32CubeIDE/plugins/com.st.stm32cube.ide.mcu.externaltools.gnu-tools-for-stm32.12.3.rel1.win32_1.1.0.202410251130/tools/bin/../lib/gcc/arm-none-eabi/12.3.1/../../../../arm-none-eabi/lib/thumb/v7e-m+fp/hard\libc_nano.a(libc_a-impure.o)
 .ARM.attributes
                0x0000058b       0x34 C:/ST/STM32CubeIDE_1.17.0/STM32CubeIDE/plugins/com.st.stm32cube.ide.mcu.externaltools.gnu-tools-for-stm32.12.3.rel1.win32_1.1.0.202410251130/tools/bin/../lib/gcc/arm-none-eabi/12.3.1/../../../../arm-none-eabi/lib/thumb/v7e-m+fp/hard\libc_nano.a(libc_a-sbrkr.o)
 .ARM.attributes
                0x000005bf       0x34 C:/ST/STM32CubeIDE_1.17.0/STM32CubeIDE/plugins/com.st.stm32cube.ide.mcu.externaltools.gnu-tools-for-stm32.12.3.rel1.win32_1.1.0.202410251130/tools/bin/../lib/gcc/arm-none-eabi/12.3.1/../../../../arm-none-eabi/lib/thumb/v7e-m+fp/hard\libc_nano.a(libc_a-errno.o)
 .ARM.attributes
                0x000005f3       0x34 C:/ST/STM32CubeIDE_1.17.0/STM32CubeIDE/plugins/com.st.stm32cube.ide.mcu.externaltools.gnu-tools-for-stm32.12.3.rel1.win32_1.1.0.202410251130/tools/bin/../lib/gcc/arm-none-eabi/12.3.1/../../../../arm-none-eabi/lib/thumb/v7e-m+fp/hard\libc_nano.a(libc_a-init.o)
 .ARM.attributes
                0x00000627       0x34 C:/ST/STM32CubeIDE_1.17.0/STM32CubeIDE/plugins/com.st.stm32cube.ide.mcu.externaltools.gnu-tools-for-stm32.12.3.rel1.win32_1.1.0.202410251130/tools/bin/../lib/gcc/arm-none-eabi/12.3.1/../../../../arm-none-eabi/lib/thumb/v7e-m+fp/hard\libc_nano.a(libc_a-lock.o)
 .ARM.attributes
                0x0000065b       0x34 C:/ST/STM32CubeIDE_1.17.0/STM32CubeIDE/plugins/com.st.stm32cube.ide.mcu.externaltools.gnu-tools-for-stm32.12.3.rel1.win32_1.1.0.202410251130/tools/bin/../lib/gcc/arm-none-eabi/12.3.1/../../../../arm-none-eabi/lib/thumb/v7e-m+fp/hard\libc_nano.a(libc_a-memcpy-stub.o)
 .ARM.attributes
                0x0000068f       0x17 C:/ST/STM32CubeIDE_1.17.0/STM32CubeIDE/plugins/com.st.stm32cube.ide.mcu.externaltools.gnu-tools-for-stm32.12.3.rel1.win32_1.1.0.202410251130/tools/bin/../lib/gcc/arm-none-eabi/12.3.1/../../../../arm-none-eabi/lib/thumb/v7e-m+fp/hard\libc_nano.a(libc_a-strlen.o)
 .ARM.attributes
                0x000006a6       0x34 C:/ST/STM32CubeIDE_1.17.0/STM32CubeIDE/plugins/com.st.stm32cube.ide.mcu.externaltools.gnu-tools-for-stm32.12.3.rel1.win32_1.1.0.202410251130/tools/bin/../lib/gcc/arm-none-eabi/12.3.1/../../../../arm-none-eabi/lib/thumb/v7e-m+fp/hard\libc_nano.a(libc_a-freer.o)
 .ARM.attributes
                0x000006da       0x34 C:/ST/STM32CubeIDE_1.17.0/STM32CubeIDE/plugins/com.st.stm32cube.ide.mcu.externaltools.gnu-tools-for-stm32.12.3.rel1.win32_1.1.0.202410251130/tools/bin/../lib/gcc/arm-none-eabi/12.3.1/../../../../arm-none-eabi/lib/thumb/v7e-m+fp/hard\libc_nano.a(libc_a-nano-svfprintf.o)
 .ARM.attributes
                0x0000070e       0x34 C:/ST/STM32CubeIDE_1.17.0/STM32CubeIDE/plugins/com.st.stm32cube.ide.mcu.externaltools.gnu-tools-for-stm32.12.3.rel1.win32_1.1.0.202410251130/tools/bin/../lib/gcc/arm-none-eabi/12.3.1/../../../../arm-none-eabi/lib/thumb/v7e-m+fp/hard\libc_nano.a(libc_a-nano-vfprintf_i.o)
 .ARM.attributes
                0x00000742       0x34 C:/ST/STM32CubeIDE_1.17.0/STM32CubeIDE/plugins/com.st.stm32cube.ide.mcu.externaltools.gnu-tools-for-stm32.12.3.rel1.win32_1.1.0.202410251130/tools/bin/../lib/gcc/arm-none-eabi/12.3.1/../../../../arm-none-eabi/lib/thumb/v7e-m+fp/hard\libc_nano.a(libc_a-memmove.o)
 .ARM.attributes
                0x00000776       0x1c C:/ST/STM32CubeIDE_1.17.0/STM32CubeIDE/plugins/com.st.stm32cube.ide.mcu.externaltools.gnu-tools-for-stm32.12.3.rel1.win32_1.1.0.202410251130/tools/bin/../lib/gcc/arm-none-eabi/12.3.1/../../../../arm-none-eabi/lib/thumb/v7e-m+fp/hard\libc_nano.a(libc_a-memchr.o)
 .ARM.attributes
                0x00000792       0x34 C:/ST/STM32CubeIDE_1.17.0/STM32CubeIDE/plugins/com.st.stm32cube.ide.mcu.externaltools.gnu-tools-for-stm32.12.3.rel1.win32_1.1.0.202410251130/tools/bin/../lib/gcc/arm-none-eabi/12.3.1/../../../../arm-none-eabi/lib/thumb/v7e-m+fp/hard\libc_nano.a(libc_a-reallocr.o)
 .ARM.attributes
                0x000007c6       0x34 C:/ST/STM32CubeIDE_1.17.0/STM32CubeIDE/plugins/com.st.stm32cube.ide.mcu.externaltools.gnu-tools-for-stm32.12.3.rel1.win32_1.1.0.202410251130/tools/bin/../lib/gcc/arm-none-eabi/12.3.1/../../../../arm-none-eabi/lib/thumb/v7e-m+fp/hard\libc_nano.a(libc_a-msizer.o)
 .ARM.attributes
                0x000007fa       0x22 C:/ST/STM32CubeIDE_1.17.0/STM32CubeIDE/plugins/com.st.stm32cube.ide.mcu.externaltools.gnu-tools-for-stm32.12.3.rel1.win32_1.1.0.202410251130/tools/bin/../lib/gcc/arm-none-eabi/12.3.1/thumb/v7e-m+fp/hard/crtn.o
OUTPUT(youlostit-ble.elf elf32-littlearm)
LOAD linker stubs
LOAD C:/ST/STM32CubeIDE_1.17.0/STM32CubeIDE/plugins/com.st.stm32cube.ide.mcu.externaltools.gnu-tools-for-stm32.12.3.rel1.win32_1.1.0.202410251130/tools/bin/../lib/gcc/arm-none-eabi/12.3.1/../../../../arm-none-eabi/lib/thumb/v7e-m+fp/hard\libc.a
LOAD C:/ST/STM32CubeIDE_1.17.0/STM32CubeIDE/plugins/com.st.stm32cube.ide.mcu.externaltools.gnu-tools-for-stm32.12.3.rel1.win32_1.1.0.202410251130/tools/bin/../lib/gcc/arm-none-eabi/12.3.1/../../../../arm-none-eabi/lib/thumb/v7e-m+fp/hard\libm.a
LOAD C:/ST/STM32CubeIDE_1.17.0/STM32CubeIDE/plugins/com.st.stm32cube.ide.mcu.externaltools.gnu-tools-for-stm32.12.3.rel1.win32_1.1.0.202410251130/tools/bin/../lib/gcc/arm-none-eabi/12.3.1/thumb/v7e-m+fp/hard\libgcc.a

.debug_info     0x00000000     0xab13
 .debug_info    0x00000000      0xfab ./Core/Src/ble.o
 .debug_info    0x00000fab      0x45b ./Core/Src/i2c.o
 .debug_info    0x00001406      0x366 ./Core/Src/leds.o
 .debug_info    0x0000176c      0x1c2 ./Core/Src/lsm6dsl.o
 .debug_info    0x0000192e     0x173b ./Core/Src/main.o
 .debug_info    0x00003069     0x16ae ./Core/Src/stm32l4xx_hal_msp.o
 .debug_info    0x00004717      0x158 ./Core/Src/stm32l4xx_it.o
 .debug_info    0x0000486f      0x715 ./Core/Src/syscalls.o
 .debug_info    0x00004f84      0x5ce ./Core/Src/system_stm32l4xx.o
 .debug_info    0x00005552      0xa67 ./Core/Src/timer.o
 .debug_info    0x00005fb9       0x30 ./Core/Startup/startup_stm32l475vgtx.o
 .debug_info    0x00005fe9      0xae5 ./Drivers/STM32L4xx_HAL_Driver/Src/stm32l4xx_hal.o
 .debug_info    0x00006ace      0xd46 ./Drivers/STM32L4xx_HAL_Driver/Src/stm32l4xx_hal_cortex.o
 .debug_info    0x00007814      0x757 ./Drivers/STM32L4xx_HAL_Driver/Src/stm32l4xx_hal_gpio.o
 .debug_info    0x00007f6b      0x97a ./Drivers/STM32L4xx_HAL_Driver/Src/stm32l4xx_hal_pwr_ex.o
 .debug_info    0x000088e5      0xc14 ./Drivers/STM32L4xx_HAL_Driver/Src/stm32l4xx_hal_rcc.o
 .debug_info    0x000094f9     0x161a ./Drivers/STM32L4xx_HAL_Driver/Src/stm32l4xx_hal_spi.o

.debug_abbrev   0x00000000     0x203e
 .debug_abbrev  0x00000000      0x321 ./Core/Src/ble.o
 .debug_abbrev  0x00000321      0x126 ./Core/Src/i2c.o
 .debug_abbrev  0x00000447       0xdf ./Core/Src/leds.o
 .debug_abbrev  0x00000526      0x103 ./Core/Src/lsm6dsl.o
 .debug_abbrev  0x00000629      0x3f0 ./Core/Src/main.o
 .debug_abbrev  0x00000a19      0x251 ./Core/Src/stm32l4xx_hal_msp.o
 .debug_abbrev  0x00000c6a       0xb3 ./Core/Src/stm32l4xx_it.o
 .debug_abbrev  0x00000d1d      0x1ca ./Core/Src/syscalls.o
 .debug_abbrev  0x00000ee7      0x13f ./Core/Src/system_stm32l4xx.o
 .debug_abbrev  0x00001026      0x192 ./Core/Src/timer.o
 .debug_abbrev  0x000011b8       0x24 ./Core/Startup/startup_stm32l475vgtx.o
 .debug_abbrev  0x000011dc      0x242 ./Drivers/STM32L4xx_HAL_Driver/Src/stm32l4xx_hal.o
 .debug_abbrev  0x0000141e      0x327 ./Drivers/STM32L4xx_HAL_Driver/Src/stm32l4xx_hal_cortex.o
 .debug_abbrev  0x00001745      0x1cb ./Drivers/STM32L4xx_HAL_Driver/Src/stm32l4xx_hal_gpio.o
 .debug_abbrev  0x00001910      0x1f9 ./Drivers/STM32L4xx_HAL_Driver/Src/stm32l4xx_hal_pwr_ex.o
 .debug_abbrev  0x00001b09      0x2cb ./Drivers/STM32L4xx_HAL_Driver/Src/stm32l4xx_hal_rcc.o
 .debug_abbrev  0x00001dd4      0x26a ./Drivers/STM32L4xx_HAL_Driver/Src/stm32l4xx_hal_spi.o

.debug_aranges  0x00000000      0x9c0
 .debug_aranges
                0x00000000       0x80 ./Core/Src/ble.o
 .debug_aranges
                0x00000080       0x28 ./Core/Src/i2c.o
 .debug_aranges
                0x000000a8       0x28 ./Core/Src/leds.o
 .debug_aranges
                0x000000d0       0x28 ./Core/Src/lsm6dsl.o
 .debug_aranges
                0x000000f8       0x60 ./Core/Src/main.o
 .debug_aranges
                0x00000158       0x68 ./Core/Src/stm32l4xx_hal_msp.o
 .debug_aranges
                0x000001c0       0x68 ./Core/Src/stm32l4xx_it.o
 .debug_aranges
                0x00000228       0xb0 ./Core/Src/syscalls.o
 .debug_aranges
                0x000002d8       0x28 ./Core/Src/system_stm32l4xx.o
 .debug_aranges
                0x00000300       0x40 ./Core/Src/timer.o
 .debug_aranges
                0x00000340       0x28 ./Core/Startup/startup_stm32l475vgtx.o
 .debug_aranges
                0x00000368      0x130 ./Drivers/STM32L4xx_HAL_Driver/Src/stm32l4xx_hal.o
 .debug_aranges
                0x00000498      0x118 ./Drivers/STM32L4xx_HAL_Driver/Src/stm32l4xx_hal_cortex.o
 .debug_aranges
                0x000005b0       0x58 ./Drivers/STM32L4xx_HAL_Driver/Src/stm32l4xx_hal_gpio.o
 .debug_aranges
                0x00000608      0x150 ./Drivers/STM32L4xx_HAL_Driver/Src/stm32l4xx_hal_pwr_ex.o
 .debug_aranges
                0x00000758       0x90 ./Drivers/STM32L4xx_HAL_Driver/Src/stm32l4xx_hal_rcc.o
 .debug_aranges
                0x000007e8      0x1d8 ./Drivers/STM32L4xx_HAL_Driver/Src/stm32l4xx_hal_spi.o

.debug_rnglists
                0x00000000      0x73a
 .debug_rnglists
                0x00000000       0x64 ./Core/Src/ble.o
 .debug_rnglists
                0x00000064       0x1b ./Core/Src/i2c.o
 .debug_rnglists
                0x0000007f       0x1a ./Core/Src/leds.o
 .debug_rnglists
                0x00000099       0x1a ./Core/Src/lsm6dsl.o
 .debug_rnglists
                0x000000b3       0x47 ./Core/Src/main.o
 .debug_rnglists
                0x000000fa       0x4b ./Core/Src/stm32l4xx_hal_msp.o
 .debug_rnglists
                0x00000145       0x49 ./Core/Src/stm32l4xx_it.o
 .debug_rnglists
                0x0000018e       0x7f ./Core/Src/syscalls.o
 .debug_rnglists
                0x0000020d       0x1a ./Core/Src/system_stm32l4xx.o
 .debug_rnglists
                0x00000227       0x2c ./Core/Src/timer.o
 .debug_rnglists
                0x00000253       0x19 ./Core/Startup/startup_stm32l475vgtx.o
 .debug_rnglists
                0x0000026c       0xdf ./Drivers/STM32L4xx_HAL_Driver/Src/stm32l4xx_hal.o
 .debug_rnglists
                0x0000034b       0xce ./Drivers/STM32L4xx_HAL_Driver/Src/stm32l4xx_hal_cortex.o
 .debug_rnglists
                0x00000419       0x3f ./Drivers/STM32L4xx_HAL_Driver/Src/stm32l4xx_hal_gpio.o
 .debug_rnglists
                0x00000458       0xfd ./Drivers/STM32L4xx_HAL_Driver/Src/stm32l4xx_hal_pwr_ex.o
 .debug_rnglists
                0x00000555       0x6d ./Drivers/STM32L4xx_HAL_Driver/Src/stm32l4xx_hal_rcc.o
 .debug_rnglists
                0x000005c2      0x178 ./Drivers/STM32L4xx_HAL_Driver/Src/stm32l4xx_hal_spi.o

.debug_macro    0x00000000    0x272a3
 .debug_macro   0x00000000      0x2fd ./Core/Src/ble.o
 .debug_macro   0x000002fd      0xab4 ./Core/Src/ble.o
 .debug_macro   0x00000db1      0x1ad ./Core/Src/ble.o
 .debug_macro   0x00000f5e       0x2e ./Core/Src/ble.o
 .debug_macro   0x00000f8c       0x28 ./Core/Src/ble.o
 .debug_macro   0x00000fb4       0x22 ./Core/Src/ble.o
 .debug_macro   0x00000fd6       0x8e ./Core/Src/ble.o
 .debug_macro   0x00001064       0x51 ./Core/Src/ble.o
 .debug_macro   0x000010b5      0x103 ./Core/Src/ble.o
 .debug_macro   0x000011b8       0x6a ./Core/Src/ble.o
 .debug_macro   0x00001222      0x1df ./Core/Src/ble.o
 .debug_macro   0x00001401       0x1c ./Core/Src/ble.o
 .debug_macro   0x0000141d       0x22 ./Core/Src/ble.o
 .debug_macro   0x0000143f       0xfb ./Core/Src/ble.o
 .debug_macro   0x0000153a     0x1011 ./Core/Src/ble.o
 .debug_macro   0x0000254b      0x11f ./Core/Src/ble.o
 .debug_macro   0x0000266a    0x19dc7 ./Core/Src/ble.o
 .debug_macro   0x0001c431       0x6d ./Core/Src/ble.o
 .debug_macro   0x0001c49e     0x38e6 ./Core/Src/ble.o
 .debug_macro   0x0001fd84      0x189 ./Core/Src/ble.o
 .debug_macro   0x0001ff0d       0x5c ./Core/Src/ble.o
 .debug_macro   0x0001ff69     0x1558 ./Core/Src/ble.o
 .debug_macro   0x000214c1      0x5a5 ./Core/Src/ble.o
 .debug_macro   0x00021a66      0x1b9 ./Core/Src/ble.o
 .debug_macro   0x00021c1f      0x17d ./Core/Src/ble.o
 .debug_macro   0x00021d9c      0x26b ./Core/Src/ble.o
 .debug_macro   0x00022007      0x23d ./Core/Src/ble.o
 .debug_macro   0x00022244      0x241 ./Core/Src/ble.o
 .debug_macro   0x00022485      0x37c ./Core/Src/ble.o
 .debug_macro   0x00022801       0xd6 ./Core/Src/ble.o
 .debug_macro   0x000228d7      0x22c ./Core/Src/ble.o
 .debug_macro   0x00022b03       0x61 ./Core/Src/ble.o
 .debug_macro   0x00022b64       0xa5 ./Core/Src/ble.o
 .debug_macro   0x00022c09      0x122 ./Core/Src/ble.o
 .debug_macro   0x00022d2b      0x3e8 ./Core/Src/ble.o
 .debug_macro   0x00023113      0x2fe ./Core/Src/ble.o
 .debug_macro   0x00023411      0xa98 ./Core/Src/ble.o
 .debug_macro   0x00023ea9      0x1e6 ./Core/Src/ble.o
 .debug_macro   0x0002408f      0x330 ./Core/Src/ble.o
 .debug_macro   0x000243bf       0x46 ./Core/Src/ble.o
 .debug_macro   0x00024405       0x22 ./Core/Src/ble.o
 .debug_macro   0x00024427       0x2a ./Core/Src/ble.o
 .debug_macro   0x00024451       0x61 ./Core/Src/ble.o
 .debug_macro   0x000244b2       0x43 ./Core/Src/ble.o
 .debug_macro   0x000244f5       0x34 ./Core/Src/ble.o
 .debug_macro   0x00024529       0x16 ./Core/Src/ble.o
 .debug_macro   0x0002453f       0x35 ./Core/Src/ble.o
 .debug_macro   0x00024574       0x16 ./Core/Src/ble.o
 .debug_macro   0x0002458a       0x43 ./Core/Src/ble.o
 .debug_macro   0x000245cd       0x34 ./Core/Src/ble.o
 .debug_macro   0x00024601       0x10 ./Core/Src/ble.o
 .debug_macro   0x00024611       0x58 ./Core/Src/ble.o
 .debug_macro   0x00024669       0x8e ./Core/Src/ble.o
 .debug_macro   0x000246f7       0x1c ./Core/Src/ble.o
 .debug_macro   0x00024713      0x177 ./Core/Src/ble.o
 .debug_macro   0x0002488a      0x369 ./Core/Src/ble.o
 .debug_macro   0x00024bf3       0x16 ./Core/Src/ble.o
 .debug_macro   0x00024c09       0x29 ./Core/Src/ble.o
 .debug_macro   0x00024c32       0x16 ./Core/Src/ble.o
 .debug_macro   0x00024c48       0x20 ./Core/Src/ble.o
 .debug_macro   0x00024c68       0x1c ./Core/Src/ble.o
 .debug_macro   0x00024c84       0xbf ./Core/Src/i2c.o
 .debug_macro   0x00024d43       0xbf ./Core/Src/leds.o
 .debug_macro   0x00024e02       0xbf ./Core/Src/lsm6dsl.o
 .debug_macro   0x00024ec1      0x372 ./Core/Src/main.o
 .debug_macro   0x00025233       0x16 ./Core/Src/main.o
 .debug_macro   0x00025249       0x10 ./Core/Src/main.o
 .debug_macro   0x00025259       0x16 ./Core/Src/main.o
 .debug_macro   0x0002526f       0x16 ./Core/Src/main.o
 .debug_macro   0x00025285      0x146 ./Core/Src/main.o
 .debug_macro   0x000253cb      0x1e9 ./Core/Src/stm32l4xx_hal_msp.o
 .debug_macro   0x000255b4      0x206 ./Core/Src/stm32l4xx_it.o
 .debug_macro   0x000257ba      0x274 ./Core/Src/syscalls.o
 .debug_macro   0x00025a2e       0x5b ./Core/Src/syscalls.o
 .debug_macro   0x00025a89       0x94 ./Core/Src/syscalls.o
 .debug_macro   0x00025b1d       0x57 ./Core/Src/syscalls.o
 .debug_macro   0x00025b74       0x10 ./Core/Src/syscalls.o
 .debug_macro   0x00025b84       0x10 ./Core/Src/syscalls.o
 .debug_macro   0x00025b94       0x10 ./Core/Src/syscalls.o
 .debug_macro   0x00025ba4       0x10 ./Core/Src/syscalls.o
 .debug_macro   0x00025bb4       0x1c ./Core/Src/syscalls.o
 .debug_macro   0x00025bd0       0x52 ./Core/Src/syscalls.o
 .debug_macro   0x00025c22       0x22 ./Core/Src/syscalls.o
 .debug_macro   0x00025c44       0x10 ./Core/Src/syscalls.o
 .debug_macro   0x00025c54       0x52 ./Core/Src/syscalls.o
 .debug_macro   0x00025ca6       0xcf ./Core/Src/syscalls.o
 .debug_macro   0x00025d75       0x1c ./Core/Src/syscalls.o
 .debug_macro   0x00025d91       0x3d ./Core/Src/syscalls.o
 .debug_macro   0x00025dce       0x35 ./Core/Src/syscalls.o
 .debug_macro   0x00025e03      0x12c ./Core/Src/syscalls.o
 .debug_macro   0x00025f2f       0x10 ./Core/Src/syscalls.o
 .debug_macro   0x00025f3f      0x242 ./Core/Src/syscalls.o
 .debug_macro   0x00026181       0x1c ./Core/Src/syscalls.o
 .debug_macro   0x0002619d       0x10 ./Core/Src/syscalls.o
 .debug_macro   0x000261ad      0x18a ./Core/Src/syscalls.o
 .debug_macro   0x00026337       0x16 ./Core/Src/syscalls.o
 .debug_macro   0x0002634d       0xce ./Core/Src/syscalls.o
 .debug_macro   0x0002641b      0x1e0 ./Core/Src/system_stm32l4xx.o
 .debug_macro   0x000265fb       0xc9 ./Core/Src/timer.o
 .debug_macro   0x000266c4      0x228 ./Drivers/STM32L4xx_HAL_Driver/Src/stm32l4xx_hal.o
 .debug_macro   0x000268ec      0x1da ./Drivers/STM32L4xx_HAL_Driver/Src/stm32l4xx_hal_cortex.o
 .debug_macro   0x00026ac6      0x1e1 ./Drivers/STM32L4xx_HAL_Driver/Src/stm32l4xx_hal_gpio.o
 .debug_macro   0x00026ca7      0x1fe ./Drivers/STM32L4xx_HAL_Driver/Src/stm32l4xx_hal_pwr_ex.o
 .debug_macro   0x00026ea5      0x21c ./Drivers/STM32L4xx_HAL_Driver/Src/stm32l4xx_hal_rcc.o
 .debug_macro   0x000270c1      0x1e2 ./Drivers/STM32L4xx_HAL_Driver/Src/stm32l4xx_hal_spi.o

.debug_line     0x00000000     0xb3e1
 .debug_line    0x00000000      0xc9c ./Core/Src/ble.o
 .debug_line    0x00000c9c      0x647 ./Core/Src/i2c.o
 .debug_line    0x000012e3      0x555 ./Core/Src/leds.o
 .debug_line    0x00001838      0x586 ./Core/Src/lsm6dsl.o
 .debug_line    0x00001dbe      0xbe8 ./Core/Src/main.o
 .debug_line    0x000029a6      0x8c8 ./Core/Src/stm32l4xx_hal_msp.o
 .debug_line    0x0000326e      0x85d ./Core/Src/stm32l4xx_it.o
 .debug_line    0x00003acb      0x8e5 ./Core/Src/syscalls.o
 .debug_line    0x000043b0      0x84d ./Core/Src/system_stm32l4xx.o
 .debug_line    0x00004bfd      0x5cc ./Core/Src/timer.o
 .debug_line    0x000051c9       0x7a ./Core/Startup/startup_stm32l475vgtx.o
 .debug_line    0x00005243      0xb6c ./Drivers/STM32L4xx_HAL_Driver/Src/stm32l4xx_hal.o
 .debug_line    0x00005daf      0xd0b ./Drivers/STM32L4xx_HAL_Driver/Src/stm32l4xx_hal_cortex.o
 .debug_line    0x00006aba      0xbf8 ./Drivers/STM32L4xx_HAL_Driver/Src/stm32l4xx_hal_gpio.o
 .debug_line    0x000076b2      0xd2e ./Drivers/STM32L4xx_HAL_Driver/Src/stm32l4xx_hal_pwr_ex.o
 .debug_line    0x000083e0      0xfe3 ./Drivers/STM32L4xx_HAL_Driver/Src/stm32l4xx_hal_rcc.o
 .debug_line    0x000093c3     0x201e ./Drivers/STM32L4xx_HAL_Driver/Src/stm32l4xx_hal_spi.o

.debug_str      0x00000000    0xf0e02
 .debug_str     0x00000000    0xebab8 ./Core/Src/ble.o
                              0xebdf1 (size before relaxing)
 .debug_str     0x000ebab8      0x1a5 ./Core/Src/i2c.o
                              0x9d37d (size before relaxing)
 .debug_str     0x000ebc5d       0x26 ./Core/Src/leds.o
                              0x9d335 (size before relaxing)
 .debug_str     0x000ebc83       0x59 ./Core/Src/lsm6dsl.o
                              0x9d1fd (size before relaxing)
 .debug_str     0x000ebcdc      0xea6 ./Core/Src/main.o
                              0xec994 (size before relaxing)
 .debug_str     0x000ecb82      0x870 ./Core/Src/stm32l4xx_hal_msp.o
                              0xe9504 (size before relaxing)
 .debug_str     0x000ed3f2       0xf5 ./Core/Src/stm32l4xx_it.o
                              0xe81e2 (size before relaxing)
 .debug_str     0x000ed4e7     0x1fe8 ./Core/Src/syscalls.o
                               0x9920 (size before relaxing)
 .debug_str     0x000ef4cf      0x107 ./Core/Src/system_stm32l4xx.o
                              0xe81b4 (size before relaxing)
 .debug_str     0x000ef5d6       0x6b ./Core/Src/timer.o
                              0x9d935 (size before relaxing)
 .debug_str     0x000ef641       0x44 ./Core/Startup/startup_stm32l475vgtx.o
                                 0xb7 (size before relaxing)
 .debug_str     0x000ef685      0x631 ./Drivers/STM32L4xx_HAL_Driver/Src/stm32l4xx_hal.o
                              0xe8d23 (size before relaxing)
 .debug_str     0x000efcb6      0x2e2 ./Drivers/STM32L4xx_HAL_Driver/Src/stm32l4xx_hal_cortex.o
                              0xe89d7 (size before relaxing)
 .debug_str     0x000eff98       0xfe ./Drivers/STM32L4xx_HAL_Driver/Src/stm32l4xx_hal_gpio.o
                              0xe8312 (size before relaxing)
 .debug_str     0x000f0096      0x43c ./Drivers/STM32L4xx_HAL_Driver/Src/stm32l4xx_hal_pwr_ex.o
                              0xe86b9 (size before relaxing)
 .debug_str     0x000f04d2      0x3a6 ./Drivers/STM32L4xx_HAL_Driver/Src/stm32l4xx_hal_rcc.o
                              0xe87df (size before relaxing)
 .debug_str     0x000f0878      0x58a ./Drivers/STM32L4xx_HAL_Driver/Src/stm32l4xx_hal_spi.o
                              0xe89ba (size before relaxing)

.comment        0x00000000       0x43
 .comment       0x00000000       0x43 ./Core/Src/ble.o
                                 0x44 (size before relaxing)
 .comment       0x00000043       0x44 ./Core/Src/i2c.o
 .comment       0x00000043       0x44 ./Core/Src/leds.o
 .comment       0x00000043       0x44 ./Core/Src/lsm6dsl.o
 .comment       0x00000043       0x44 ./Core/Src/main.o
 .comment       0x00000043       0x44 ./Core/Src/stm32l4xx_hal_msp.o
 .comment       0x00000043       0x44 ./Core/Src/stm32l4xx_it.o
 .comment       0x00000043       0x44 ./Core/Src/syscalls.o
 .comment       0x00000043       0x44 ./Core/Src/system_stm32l4xx.o
 .comment       0x00000043       0x44 ./Core/Src/timer.o
 .comment       0x00000043       0x44 ./Drivers/STM32L4xx_HAL_Driver/Src/stm32l4xx_hal.o
 .comment       0x00000043       0x44 ./Drivers/STM32L4xx_HAL_Driver/Src/stm32l4xx_hal_cortex.o
 .comment       0x00000043       0x44 ./Drivers/STM32L4xx_HAL_Driver/Src/stm32l4xx_hal_gpio.o
 .comment       0x00000043       0x44 ./Drivers/STM32L4xx_HAL_Driver/Src/stm32l4xx_hal_pwr_ex.o
 .comment       0x00000043       0x44 ./Drivers/STM32L4xx_HAL_Driver/Src/stm32l4xx_hal_rcc.o
 .comment       0x00000043       0x44 ./Drivers/STM32L4xx_HAL_Driver/Src/stm32l4xx_hal_spi.o

.debug_frame    0x00000000     0x2afc
 .debug_frame   0x00000000      0x1fc ./Core/Src/ble.o
 .debug_frame   0x000001fc       0x58 ./Core/Src/i2c.o
 .debug_frame   0x00000254       0x58 ./Core/Src/leds.o
 .debug_frame   0x000002ac       0x58 ./Core/Src/lsm6dsl.o
 .debug_frame   0x00000304      0x13c ./Core/Src/main.o
 .debug_frame   0x00000440      0x188 ./Core/Src/stm32l4xx_hal_msp.o
 .debug_frame   0x000005c8      0x120 ./Core/Src/stm32l4xx_it.o
 .debug_frame   0x000006e8      0x2d0 ./Core/Src/syscalls.o
 .debug_frame   0x000009b8       0x58 ./Core/Src/system_stm32l4xx.o
 .debug_frame   0x00000a10       0xd4 ./Core/Src/timer.o
 .debug_frame   0x00000ae4      0x498 ./Drivers/STM32L4xx_HAL_Driver/Src/stm32l4xx_hal.o
 .debug_frame   0x00000f7c      0x498 ./Drivers/STM32L4xx_HAL_Driver/Src/stm32l4xx_hal_cortex.o
 .debug_frame   0x00001414      0x14c ./Drivers/STM32L4xx_HAL_Driver/Src/stm32l4xx_hal_gpio.o
 .debug_frame   0x00001560      0x544 ./Drivers/STM32L4xx_HAL_Driver/Src/stm32l4xx_hal_pwr_ex.o
 .debug_frame   0x00001aa4      0x21c ./Drivers/STM32L4xx_HAL_Driver/Src/stm32l4xx_hal_rcc.o
 .debug_frame   0x00001cc0      0x860 ./Drivers/STM32L4xx_HAL_Driver/Src/stm32l4xx_hal_spi.o
 .debug_frame   0x00002520       0x30 C:/ST/STM32CubeIDE_1.17.0/STM32CubeIDE/plugins/com.st.stm32cube.ide.mcu.externaltools.gnu-tools-for-stm32.12.3.rel1.win32_1.1.0.202410251130/tools/bin/../lib/gcc/arm-none-eabi/12.3.1/../../../../arm-none-eabi/lib/thumb/v7e-m+fp/hard\libc_nano.a(libc_a-malloc.o)
 .debug_frame   0x00002550       0x50 C:/ST/STM32CubeIDE_1.17.0/STM32CubeIDE/plugins/com.st.stm32cube.ide.mcu.externaltools.gnu-tools-for-stm32.12.3.rel1.win32_1.1.0.202410251130/tools/bin/../lib/gcc/arm-none-eabi/12.3.1/../../../../arm-none-eabi/lib/thumb/v7e-m+fp/hard\libc_nano.a(libc_a-mallocr.o)
 .debug_frame   0x000025a0       0x30 C:/ST/STM32CubeIDE_1.17.0/STM32CubeIDE/plugins/com.st.stm32cube.ide.mcu.externaltools.gnu-tools-for-stm32.12.3.rel1.win32_1.1.0.202410251130/tools/bin/../lib/gcc/arm-none-eabi/12.3.1/../../../../arm-none-eabi/lib/thumb/v7e-m+fp/hard\libc_nano.a(libc_a-mlock.o)
 .debug_frame   0x000025d0      0x144 C:/ST/STM32CubeIDE_1.17.0/STM32CubeIDE/plugins/com.st.stm32cube.ide.mcu.externaltools.gnu-tools-for-stm32.12.3.rel1.win32_1.1.0.202410251130/tools/bin/../lib/gcc/arm-none-eabi/12.3.1/../../../../arm-none-eabi/lib/thumb/v7e-m+fp/hard\libc_nano.a(libc_a-findfp.o)
 .debug_frame   0x00002714       0x6c C:/ST/STM32CubeIDE_1.17.0/STM32CubeIDE/plugins/com.st.stm32cube.ide.mcu.externaltools.gnu-tools-for-stm32.12.3.rel1.win32_1.1.0.202410251130/tools/bin/../lib/gcc/arm-none-eabi/12.3.1/../../../../arm-none-eabi/lib/thumb/v7e-m+fp/hard\libc_nano.a(libc_a-sprintf.o)
 .debug_frame   0x00002780       0x20 C:/ST/STM32CubeIDE_1.17.0/STM32CubeIDE/plugins/com.st.stm32cube.ide.mcu.externaltools.gnu-tools-for-stm32.12.3.rel1.win32_1.1.0.202410251130/tools/bin/../lib/gcc/arm-none-eabi/12.3.1/../../../../arm-none-eabi/lib/thumb/v7e-m+fp/hard\libc_nano.a(libc_a-memset.o)
 .debug_frame   0x000027a0       0x28 C:/ST/STM32CubeIDE_1.17.0/STM32CubeIDE/plugins/com.st.stm32cube.ide.mcu.externaltools.gnu-tools-for-stm32.12.3.rel1.win32_1.1.0.202410251130/tools/bin/../lib/gcc/arm-none-eabi/12.3.1/../../../../arm-none-eabi/lib/thumb/v7e-m+fp/hard\libc_nano.a(libc_a-strcat.o)
 .debug_frame   0x000027c8       0x38 C:/ST/STM32CubeIDE_1.17.0/STM32CubeIDE/plugins/com.st.stm32cube.ide.mcu.externaltools.gnu-tools-for-stm32.12.3.rel1.win32_1.1.0.202410251130/tools/bin/../lib/gcc/arm-none-eabi/12.3.1/../../../../arm-none-eabi/lib/thumb/v7e-m+fp/hard\libc_nano.a(libc_a-reent.o)
 .debug_frame   0x00002800       0x2c C:/ST/STM32CubeIDE_1.17.0/STM32CubeIDE/plugins/com.st.stm32cube.ide.mcu.externaltools.gnu-tools-for-stm32.12.3.rel1.win32_1.1.0.202410251130/tools/bin/../lib/gcc/arm-none-eabi/12.3.1/../../../../arm-none-eabi/lib/thumb/v7e-m+fp/hard\libc_nano.a(libc_a-sbrkr.o)
 .debug_frame   0x0000282c       0x20 C:/ST/STM32CubeIDE_1.17.0/STM32CubeIDE/plugins/com.st.stm32cube.ide.mcu.externaltools.gnu-tools-for-stm32.12.3.rel1.win32_1.1.0.202410251130/tools/bin/../lib/gcc/arm-none-eabi/12.3.1/../../../../arm-none-eabi/lib/thumb/v7e-m+fp/hard\libc_nano.a(libc_a-errno.o)
 .debug_frame   0x0000284c       0x2c C:/ST/STM32CubeIDE_1.17.0/STM32CubeIDE/plugins/com.st.stm32cube.ide.mcu.externaltools.gnu-tools-for-stm32.12.3.rel1.win32_1.1.0.202410251130/tools/bin/../lib/gcc/arm-none-eabi/12.3.1/../../../../arm-none-eabi/lib/thumb/v7e-m+fp/hard\libc_nano.a(libc_a-init.o)
 .debug_frame   0x00002878       0xb0 C:/ST/STM32CubeIDE_1.17.0/STM32CubeIDE/plugins/com.st.stm32cube.ide.mcu.externaltools.gnu-tools-for-stm32.12.3.rel1.win32_1.1.0.202410251130/tools/bin/../lib/gcc/arm-none-eabi/12.3.1/../../../../arm-none-eabi/lib/thumb/v7e-m+fp/hard\libc_nano.a(libc_a-lock.o)
 .debug_frame   0x00002928       0x28 C:/ST/STM32CubeIDE_1.17.0/STM32CubeIDE/plugins/com.st.stm32cube.ide.mcu.externaltools.gnu-tools-for-stm32.12.3.rel1.win32_1.1.0.202410251130/tools/bin/../lib/gcc/arm-none-eabi/12.3.1/../../../../arm-none-eabi/lib/thumb/v7e-m+fp/hard\libc_nano.a(libc_a-memcpy-stub.o)
 .debug_frame   0x00002950       0x38 C:/ST/STM32CubeIDE_1.17.0/STM32CubeIDE/plugins/com.st.stm32cube.ide.mcu.externaltools.gnu-tools-for-stm32.12.3.rel1.win32_1.1.0.202410251130/tools/bin/../lib/gcc/arm-none-eabi/12.3.1/../../../../arm-none-eabi/lib/thumb/v7e-m+fp/hard\libc_nano.a(libc_a-freer.o)
 .debug_frame   0x00002988       0x90 C:/ST/STM32CubeIDE_1.17.0/STM32CubeIDE/plugins/com.st.stm32cube.ide.mcu.externaltools.gnu-tools-for-stm32.12.3.rel1.win32_1.1.0.202410251130/tools/bin/../lib/gcc/arm-none-eabi/12.3.1/../../../../arm-none-eabi/lib/thumb/v7e-m+fp/hard\libc_nano.a(libc_a-nano-svfprintf.o)
 .debug_frame   0x00002a18       0x60 C:/ST/STM32CubeIDE_1.17.0/STM32CubeIDE/plugins/com.st.stm32cube.ide.mcu.externaltools.gnu-tools-for-stm32.12.3.rel1.win32_1.1.0.202410251130/tools/bin/../lib/gcc/arm-none-eabi/12.3.1/../../../../arm-none-eabi/lib/thumb/v7e-m+fp/hard\libc_nano.a(libc_a-nano-vfprintf_i.o)
 .debug_frame   0x00002a78       0x28 C:/ST/STM32CubeIDE_1.17.0/STM32CubeIDE/plugins/com.st.stm32cube.ide.mcu.externaltools.gnu-tools-for-stm32.12.3.rel1.win32_1.1.0.202410251130/tools/bin/../lib/gcc/arm-none-eabi/12.3.1/../../../../arm-none-eabi/lib/thumb/v7e-m+fp/hard\libc_nano.a(libc_a-memmove.o)
 .debug_frame   0x00002aa0       0x3c C:/ST/STM32CubeIDE_1.17.0/STM32CubeIDE/plugins/com.st.stm32cube.ide.mcu.externaltools.gnu-tools-for-stm32.12.3.rel1.win32_1.1.0.202410251130/tools/bin/../lib/gcc/arm-none-eabi/12.3.1/../../../../arm-none-eabi/lib/thumb/v7e-m+fp/hard\libc_nano.a(libc_a-reallocr.o)
 .debug_frame   0x00002adc       0x20 C:/ST/STM32CubeIDE_1.17.0/STM32CubeIDE/plugins/com.st.stm32cube.ide.mcu.externaltools.gnu-tools-for-stm32.12.3.rel1.win32_1.1.0.202410251130/tools/bin/../lib/gcc/arm-none-eabi/12.3.1/../../../../arm-none-eabi/lib/thumb/v7e-m+fp/hard\libc_nano.a(libc_a-msizer.o)

.debug_line_str
                0x00000000       0x9b
 .debug_line_str
                0x00000000       0x9b ./Core/Startup/startup_stm32l475vgtx.o
