../Drivers/CMSIS/Include/core_cm4.h:2059:26:ITM_SendChar	16	static,ignoring_inline_asm
../Core/Src/main.c:52:5:main	72	static,ignoring_inline_asm
../Core/Src/main.c:171:6:SystemClock_Config	96	static
../Core/Src/main.c:217:13:MX_SPI3_Init	8	static
../Core/Src/main.c:256:13:MX_GPIO_Init	48	static
../Core/Src/main.c:314:6:Error_Handler	4	static,ignoring_inline_asm
../Core/Src/main.c:343:6:check_movement	32	static
../Core/Src/main.c:377:6:TIM2_IRQHandler	4	static
../Core/Src/main.c:388:6:LPTIM1_IRQHandler	4	static
../Core/Src/main.c:399:5:_write	32	static
